Archive member included to satisfy reference by file (symbol)

/Applications/ARM/bin/../lib/gcc/arm-none-eabi/10.3.1/thumb/v6-m/nofp/libgcc.a(_dvmd_tls.o)
                              CMakeFiles/pwm_midi.dir/Users/kaki/Documents/pico/pico-sdk/src/rp2_common/pico_divider/divider.S.obj (__aeabi_idiv0)
/Applications/ARM/bin/../lib/gcc/arm-none-eabi/10.3.1/../../../../arm-none-eabi/lib/thumb/v6-m/nofp/libc.a(lib_a-calloc.o)
                              CMakeFiles/pwm_midi.dir/Users/kaki/Documents/pico/pico-sdk/src/rp2_common/pico_malloc/pico_malloc.c.obj (calloc)
/Applications/ARM/bin/../lib/gcc/arm-none-eabi/10.3.1/../../../../arm-none-eabi/lib/thumb/v6-m/nofp/libc.a(lib_a-callocr.o)
                              /Applications/ARM/bin/../lib/gcc/arm-none-eabi/10.3.1/../../../../arm-none-eabi/lib/thumb/v6-m/nofp/libc.a(lib_a-calloc.o) (_calloc_r)
/Applications/ARM/bin/../lib/gcc/arm-none-eabi/10.3.1/../../../../arm-none-eabi/lib/thumb/v6-m/nofp/libc.a(lib_a-errno.o)
                              /Applications/ARM/bin/../lib/gcc/arm-none-eabi/10.3.1/../../../../arm-none-eabi/lib/thumb/v6-m/nofp/libc.a(lib_a-callocr.o) (__errno)
/Applications/ARM/bin/../lib/gcc/arm-none-eabi/10.3.1/../../../../arm-none-eabi/lib/thumb/v6-m/nofp/libc.a(lib_a-impure.o)
                              /Applications/ARM/bin/../lib/gcc/arm-none-eabi/10.3.1/../../../../arm-none-eabi/lib/thumb/v6-m/nofp/libc.a(lib_a-calloc.o) (_impure_ptr)
/Applications/ARM/bin/../lib/gcc/arm-none-eabi/10.3.1/../../../../arm-none-eabi/lib/thumb/v6-m/nofp/libc.a(lib_a-init.o)
                              /Applications/ARM/bin/../lib/gcc/arm-none-eabi/10.3.1/../../../../arm-none-eabi/lib/thumb/v6-m/nofp/crt0.o (__libc_init_array)
/Applications/ARM/bin/../lib/gcc/arm-none-eabi/10.3.1/../../../../arm-none-eabi/lib/thumb/v6-m/nofp/libc.a(lib_a-malloc.o)
                              CMakeFiles/pwm_midi.dir/Users/kaki/Documents/pico/pico-sdk/src/rp2_common/pico_malloc/pico_malloc.c.obj (malloc)
/Applications/ARM/bin/../lib/gcc/arm-none-eabi/10.3.1/../../../../arm-none-eabi/lib/thumb/v6-m/nofp/libc.a(lib_a-mallocr.o)
                              /Applications/ARM/bin/../lib/gcc/arm-none-eabi/10.3.1/../../../../arm-none-eabi/lib/thumb/v6-m/nofp/libc.a(lib_a-callocr.o) (_malloc_r)
/Applications/ARM/bin/../lib/gcc/arm-none-eabi/10.3.1/../../../../arm-none-eabi/lib/thumb/v6-m/nofp/libc.a(lib_a-mlock.o)
                              /Applications/ARM/bin/../lib/gcc/arm-none-eabi/10.3.1/../../../../arm-none-eabi/lib/thumb/v6-m/nofp/libc.a(lib_a-mallocr.o) (__malloc_lock)
/Applications/ARM/bin/../lib/gcc/arm-none-eabi/10.3.1/../../../../arm-none-eabi/lib/thumb/v6-m/nofp/libc.a(lib_a-realloc.o)
                              CMakeFiles/pwm_midi.dir/Users/kaki/Documents/pico/pico-sdk/src/rp2_common/pico_malloc/pico_malloc.c.obj (realloc)
/Applications/ARM/bin/../lib/gcc/arm-none-eabi/10.3.1/../../../../arm-none-eabi/lib/thumb/v6-m/nofp/libc.a(lib_a-reallocr.o)
                              /Applications/ARM/bin/../lib/gcc/arm-none-eabi/10.3.1/../../../../arm-none-eabi/lib/thumb/v6-m/nofp/libc.a(lib_a-realloc.o) (_realloc_r)
/Applications/ARM/bin/../lib/gcc/arm-none-eabi/10.3.1/../../../../arm-none-eabi/lib/thumb/v6-m/nofp/libc.a(lib_a-sbrkr.o)
                              /Applications/ARM/bin/../lib/gcc/arm-none-eabi/10.3.1/../../../../arm-none-eabi/lib/thumb/v6-m/nofp/libc.a(lib_a-mallocr.o) (_sbrk_r)
/Applications/ARM/bin/../lib/gcc/arm-none-eabi/10.3.1/../../../../arm-none-eabi/lib/thumb/v6-m/nofp/libc.a(lib_a-strlen-stub.o)
                              CMakeFiles/pwm_midi.dir/usb_descriptors.c.obj (strlen)
/Applications/ARM/bin/../lib/gcc/arm-none-eabi/10.3.1/../../../../arm-none-eabi/lib/thumb/v6-m/nofp/libc.a(lib_a-freer.o)
                              /Applications/ARM/bin/../lib/gcc/arm-none-eabi/10.3.1/../../../../arm-none-eabi/lib/thumb/v6-m/nofp/libc.a(lib_a-malloc.o) (_free_r)
/Applications/ARM/bin/../lib/gcc/arm-none-eabi/10.3.1/../../../../arm-none-eabi/lib/thumb/v6-m/nofp/libc.a(lib_a-lock.o)
                              /Applications/ARM/bin/../lib/gcc/arm-none-eabi/10.3.1/../../../../arm-none-eabi/lib/thumb/v6-m/nofp/libc.a(lib_a-mlock.o) (__retarget_lock_acquire_recursive)
/Applications/ARM/bin/../lib/gcc/arm-none-eabi/10.3.1/../../../../arm-none-eabi/lib/thumb/v6-m/nofp/libc.a(lib_a-memmove.o)
                              /Applications/ARM/bin/../lib/gcc/arm-none-eabi/10.3.1/../../../../arm-none-eabi/lib/thumb/v6-m/nofp/libc.a(lib_a-reallocr.o) (memmove)
/Applications/ARM/bin/../lib/gcc/arm-none-eabi/10.3.1/../../../../arm-none-eabi/lib/thumb/v6-m/nofp/libc.a(lib_a-reent.o)
                              /Applications/ARM/bin/../lib/gcc/arm-none-eabi/10.3.1/../../../../arm-none-eabi/lib/thumb/v6-m/nofp/libc.a(lib_a-sbrkr.o) (errno)

Discarded input sections

 .text          0x0000000000000000        0x0 /Applications/ARM/bin/../lib/gcc/arm-none-eabi/10.3.1/thumb/v6-m/nofp/crti.o
[...]
Memory Configuration

Name             Origin             Length             Attributes
FLASH            0x0000000010000000 0x0000000000200000 xr
RAM              0x0000000020000000 0x0000000000040000 xrw
SCRATCH_X        0x0000000020040000 0x0000000000001000 xrw
SCRATCH_Y        0x0000000020041000 0x0000000000001000 xrw
*default*        0x0000000000000000 0xffffffffffffffff

Linker script and memory map

LOAD /Applications/ARM/bin/../lib/gcc/arm-none-eabi/10.3.1/thumb/v6-m/nofp/crti.o
LOAD /Applications/ARM/bin/../lib/gcc/arm-none-eabi/10.3.1/thumb/v6-m/nofp/crtbegin.o
LOAD /Applications/ARM/bin/../lib/gcc/arm-none-eabi/10.3.1/../../../../arm-none-eabi/lib/thumb/v6-m/nofp/crt0.o

.flash_begin    0x0000000010000000        0x0
                0x0000000010000000                __flash_binary_start = .

.boot2          0x0000000010000000      0x100
                0x0000000010000000                __boot2_start__ = .
 *(.boot2)
 .boot2         0x0000000010000000      0x100 /var/folders/f0/57_0lcld44v9vkth22lzqq_40000gp/T//ccOjk8LJ.o
                0x0000000010000100                __boot2_end__ = .
                0x0000000000000001                ASSERT (((__boot2_end__ - __boot2_start__) == 0x100), ERROR: Pico second stage bootloader must be 256 bytes in size)

.text           0x0000000010000100     0x6db0
                0x0000000010000100                __logical_binary_start = .
 *(.vectors)
 .vectors       0x0000000010000100       0xd4 CMakeFiles/pwm_midi.dir/Users/kaki/Documents/pico/pico-sdk/src/rp2_common/pico_standard_link/crt0.S.obj
                0x0000000010000100                __VECTOR_TABLE
                0x0000000010000100                __vectors
                0x00000000100001c0                __default_isrs_start
                0x00000000100001c0                isr_invalid
                0x00000000100001c2                isr_nmi
                0x00000000100001c4                isr_hardfault
                0x00000000100001c6                isr_svcall
                0x00000000100001c8                isr_pendsv
                0x00000000100001ca                isr_systick
                0x00000000100001cc                isr_irq28
                0x00000000100001cc                isr_irq19
                0x00000000100001cc                isr_irq0
                0x00000000100001cc                isr_irq6
                0x00000000100001cc                isr_irq22
                0x00000000100001cc                isr_irq17
                0x00000000100001cc                isr_irq14
                0x00000000100001cc                isr_irq2
                0x00000000100001cc                isr_irq10
                0x00000000100001cc                isr_irq8
                0x00000000100001cc                isr_irq24
                0x00000000100001cc                isr_irq1
                0x00000000100001cc                isr_irq7
                0x00000000100001cc                isr_irq21
                0x00000000100001cc                isr_irq20
                0x00000000100001cc                isr_irq15
                0x00000000100001cc                isr_irq25
                0x00000000100001cc                isr_irq4
                0x00000000100001cc                isr_irq16
                0x00000000100001cc                isr_irq29
                0x00000000100001cc                isr_irq26
                0x00000000100001cc                __default_isrs_end
                0x00000000100001cc                isr_irq3
                0x00000000100001cc                isr_irq9
                0x00000000100001cc                __unhandled_user_irq
                0x00000000100001cc                isr_irq13
                0x00000000100001cc                isr_irq27
                0x00000000100001cc                isr_irq31
                0x00000000100001cc                isr_irq5
                0x00000000100001cc                isr_irq11
                0x00000000100001cc                isr_irq23
                0x00000000100001cc                isr_irq18
                0x00000000100001cc                isr_irq30
                0x00000000100001cc                isr_irq12
                0x00000000100001d2                unhandled_user_irq_num_in_r0
 *(.binary_info_header)
 .binary_info_header
                0x00000000100001d4       0x14 CMakeFiles/pwm_midi.dir/Users/kaki/Documents/pico/pico-sdk/src/rp2_common/pico_standard_link/crt0.S.obj
                0x00000000100001e8                __binary_info_header_end = .
 *(.reset)
 .reset         0x00000000100001e8       0xa0 CMakeFiles/pwm_midi.dir/Users/kaki/Documents/pico/pico-sdk/src/rp2_common/pico_standard_link/crt0.S.obj
                0x00000000100001e8                _entry_point
 .reset         0x0000000010000288       0x30 CMakeFiles/pwm_midi.dir/Users/kaki/Documents/pico/pico-sdk/src/rp2_common/pico_standard_link/binary_info.c.obj
 *(.init)
 .init          0x00000000100002b8        0x4 /Applications/ARM/bin/../lib/gcc/arm-none-eabi/10.3.1/thumb/v6-m/nofp/crti.o
                0x00000000100002b8                _init
 *(EXCLUDE_FILE(*libm.a: *libc.a:*lib_a-mem*.o *libgcc.a:) .text*)
 .text          0x00000000100002bc       0x48 /Applications/ARM/bin/../lib/gcc/arm-none-eabi/10.3.1/thumb/v6-m/nofp/crtbegin.o
 .text.startup.main
                0x0000000010000304       0xa4 CMakeFiles/pwm_midi.dir/main.c.obj
                0x0000000010000304                main
 .text.pwm_set  0x00000000100003a8       0x6c CMakeFiles/pwm_midi.dir/pwm.c.obj
                0x00000000100003a8                pwm_set
 .text.pwm_on   0x0000000010000414       0x78 CMakeFiles/pwm_midi.dir/pwm.c.obj
                0x0000000010000414                pwm_on
 .text.pwm_off  0x000000001000048c       0x68 CMakeFiles/pwm_midi.dir/pwm.c.obj
                0x000000001000048c                pwm_off
 .text.tud_descriptor_device_cb
                0x00000000100004f4        0x8 CMakeFiles/pwm_midi.dir/usb_descriptors.c.obj
                0x00000000100004f4                tud_descriptor_device_cb
 .text.tud_descriptor_configuration_cb
                0x00000000100004fc        0x8 CMakeFiles/pwm_midi.dir/usb_descriptors.c.obj
                0x00000000100004fc                tud_descriptor_configuration_cb
 .text.tud_descriptor_string_cb
                0x0000000010000504       0x80 CMakeFiles/pwm_midi.dir/usb_descriptors.c.obj
                0x0000000010000504                tud_descriptor_string_cb
 .text.gpio_set_function
                0x0000000010000584       0x30 CMakeFiles/pwm_midi.dir/Users/kaki/Documents/pico/pico-sdk/src/rp2_common/hardware_gpio/gpio.c.obj
                0x0000000010000584                gpio_set_function
 .text.gpio_get_function
                0x00000000100005b4       0x14 CMakeFiles/pwm_midi.dir/Users/kaki/Documents/pico/pico-sdk/src/rp2_common/hardware_gpio/gpio.c.obj
                0x00000000100005b4                gpio_get_function
 .text.gpio_set_pulls
                0x00000000100005c8       0x30 CMakeFiles/pwm_midi.dir/Users/kaki/Documents/pico/pico-sdk/src/rp2_common/hardware_gpio/gpio.c.obj
                0x00000000100005c8                gpio_set_pulls
 .text.gpio_set_inover
                0x00000000100005f8       0x24 CMakeFiles/pwm_midi.dir/Users/kaki/Documents/pico/pico-sdk/src/rp2_common/hardware_gpio/gpio.c.obj
                0x00000000100005f8                gpio_set_inover
 .text.gpio_set_oeover
                0x000000001000061c       0x24 CMakeFiles/pwm_midi.dir/Users/kaki/Documents/pico/pico-sdk/src/rp2_common/hardware_gpio/gpio.c.obj
                0x000000001000061c                gpio_set_oeover
 .text.gpio_init
                0x0000000010000640       0x3c CMakeFiles/pwm_midi.dir/Users/kaki/Documents/pico/pico-sdk/src/rp2_common/hardware_gpio/gpio.c.obj
                0x0000000010000640                gpio_init
 .text.running_on_fpga
                0x000000001000067c       0x10 CMakeFiles/pwm_midi.dir/Users/kaki/Documents/pico/pico-sdk/src/rp2_common/pico_platform/platform.c.obj
                0x000000001000067c                running_on_fpga
 .text.rp2040_chip_version
                0x000000001000068c        0xc CMakeFiles/pwm_midi.dir/Users/kaki/Documents/pico/pico-sdk/src/rp2_common/pico_platform/platform.c.obj
                0x000000001000068c                rp2040_chip_version
 .text.hw_claim_or_assert
                0x0000000010000698       0x44 CMakeFiles/pwm_midi.dir/Users/kaki/Documents/pico/pico-sdk/src/rp2_common/hardware_claim/claim.c.obj
                0x0000000010000698                hw_claim_or_assert
 .text.hw_claim_unused_from_range
                0x00000000100006dc       0x9c CMakeFiles/pwm_midi.dir/Users/kaki/Documents/pico/pico-sdk/src/rp2_common/hardware_claim/claim.c.obj
                0x00000000100006dc                hw_claim_unused_from_range
 .text.spin_locks_reset
                0x0000000010000778       0x1c CMakeFiles/pwm_midi.dir/Users/kaki/Documents/pico/pico-sdk/src/rp2_common/hardware_sync/sync.c.obj
                0x0000000010000778                spin_locks_reset
 .text.next_striped_spin_lock_num
                0x0000000010000794       0x18 CMakeFiles/pwm_midi.dir/Users/kaki/Documents/pico/pico-sdk/src/rp2_common/hardware_sync/sync.c.obj
                0x0000000010000794                next_striped_spin_lock_num
 .text.spin_lock_claim_unused
                0x00000000100007ac       0x20 CMakeFiles/pwm_midi.dir/Users/kaki/Documents/pico/pico-sdk/src/rp2_common/hardware_sync/sync.c.obj
                0x00000000100007ac                spin_lock_claim_unused
 .text.irq_set_enabled
                0x00000000100007cc       0x24 CMakeFiles/pwm_midi.dir/Users/kaki/Documents/pico/pico-sdk/src/rp2_common/hardware_irq/irq.c.obj
                0x00000000100007cc                irq_set_enabled
 .text.irq_get_vtable_handler
                0x00000000100007f0       0x10 CMakeFiles/pwm_midi.dir/Users/kaki/Documents/pico/pico-sdk/src/rp2_common/hardware_irq/irq.c.obj
                0x00000000100007f0                irq_get_vtable_handler
 .text.irq_set_exclusive_handler
                0x0000000010000800       0x54 CMakeFiles/pwm_midi.dir/Users/kaki/Documents/pico/pico-sdk/src/rp2_common/hardware_irq/irq.c.obj
                0x0000000010000800                irq_set_exclusive_handler
 .text.irq_add_shared_handler
                0x0000000010000854      0x1e8 CMakeFiles/pwm_midi.dir/Users/kaki/Documents/pico/pico-sdk/src/rp2_common/hardware_irq/irq.c.obj
                0x0000000010000854                irq_add_shared_handler
 .text.irq_remove_handler
                0x0000000010000a3c      0x1b0 CMakeFiles/pwm_midi.dir/Users/kaki/Documents/pico/pico-sdk/src/rp2_common/hardware_irq/irq.c.obj
                0x0000000010000a3c                irq_remove_handler
 .text.irq_add_tail_to_free_list
                0x0000000010000bec       0xb4 CMakeFiles/pwm_midi.dir/Users/kaki/Documents/pico/pico-sdk/src/rp2_common/hardware_irq/irq.c.obj
                0x0000000010000bec                irq_add_tail_to_free_list
 .text.irq_init_priorities
                0x0000000010000ca0       0x24 CMakeFiles/pwm_midi.dir/Users/kaki/Documents/pico/pico-sdk/src/rp2_common/hardware_irq/irq.c.obj
                0x0000000010000ca0                irq_init_priorities
 .text.lock_init
                0x0000000010000cc4       0x10 CMakeFiles/pwm_midi.dir/Users/kaki/Documents/pico/pico-sdk/src/common/pico_sync/lock_core.c.obj
                0x0000000010000cc4                lock_init
 .text.mutex_init
                0x0000000010000cd4       0x1c CMakeFiles/pwm_midi.dir/Users/kaki/Documents/pico/pico-sdk/src/common/pico_sync/mutex.c.obj
                0x0000000010000cd4                mutex_init
 .text.recursive_mutex_init
                0x0000000010000cf0       0x1c CMakeFiles/pwm_midi.dir/Users/kaki/Documents/pico/pico-sdk/src/common/pico_sync/mutex.c.obj
                0x0000000010000cf0                recursive_mutex_init
 .text.critical_section_init
                0x0000000010000d0c       0x20 CMakeFiles/pwm_midi.dir/Users/kaki/Documents/pico/pico-sdk/src/common/pico_sync/critical_section.c.obj
                0x0000000010000d0c                critical_section_init
 .text.timer_pool_entry_comparator
                0x0000000010000d2c       0x34 CMakeFiles/pwm_midi.dir/Users/kaki/Documents/pico/pico-sdk/src/common/pico_time/time.c.obj
                0x0000000010000d2c                timer_pool_entry_comparator
 .text.sleep_until_callback
                0x0000000010000d60       0x30 CMakeFiles/pwm_midi.dir/Users/kaki/Documents/pico/pico-sdk/src/common/pico_time/time.c.obj
 .text.add_alarm_under_lock.isra.0
                0x0000000010000d90      0x100 CMakeFiles/pwm_midi.dir/Users/kaki/Documents/pico/pico-sdk/src/common/pico_time/time.c.obj
 .text.alarm_pool_alarm_callback
                0x0000000010000e90      0x1bc CMakeFiles/pwm_midi.dir/Users/kaki/Documents/pico/pico-sdk/src/common/pico_time/time.c.obj
 .text.alarm_pool_init_default
                0x000000001000104c       0x6c CMakeFiles/pwm_midi.dir/Users/kaki/Documents/pico/pico-sdk/src/common/pico_time/time.c.obj
                0x000000001000104c                alarm_pool_init_default
 .text.alarm_pool_get_default
                0x00000000100010b8        0x8 CMakeFiles/pwm_midi.dir/Users/kaki/Documents/pico/pico-sdk/src/common/pico_time/time.c.obj
                0x00000000100010b8                alarm_pool_get_default
 .text.alarm_pool_add_alarm_at
                0x00000000100010c0      0x178 CMakeFiles/pwm_midi.dir/Users/kaki/Documents/pico/pico-sdk/src/common/pico_time/time.c.obj
                0x00000000100010c0                alarm_pool_add_alarm_at
 .text.alarm_pool_core_num
                0x0000000010001238        0x4 CMakeFiles/pwm_midi.dir/Users/kaki/Documents/pico/pico-sdk/src/common/pico_time/time.c.obj
                0x0000000010001238                alarm_pool_core_num
 .text.best_effort_wfe_or_timeout
                0x000000001000123c       0xd4 CMakeFiles/pwm_midi.dir/Users/kaki/Documents/pico/pico-sdk/src/common/pico_time/time.c.obj
                0x000000001000123c                best_effort_wfe_or_timeout
 .text.hardware_alarm_irq_handler
                0x0000000010001310       0xbc CMakeFiles/pwm_midi.dir/Users/kaki/Documents/pico/pico-sdk/src/rp2_common/hardware_timer/timer.c.obj
 .text.hardware_alarm_claim
                0x00000000100013cc       0x18 CMakeFiles/pwm_midi.dir/Users/kaki/Documents/pico/pico-sdk/src/rp2_common/hardware_timer/timer.c.obj
                0x00000000100013cc                hardware_alarm_claim
 .text.time_us_64
                0x00000000100013e4       0x14 CMakeFiles/pwm_midi.dir/Users/kaki/Documents/pico/pico-sdk/src/rp2_common/hardware_timer/timer.c.obj
                0x00000000100013e4                time_us_64
 .text.busy_wait_us
                0x00000000100013f8       0x54 CMakeFiles/pwm_midi.dir/Users/kaki/Documents/pico/pico-sdk/src/rp2_common/hardware_timer/timer.c.obj
                0x00000000100013f8                busy_wait_us
 .text.hardware_alarm_set_callback
                0x000000001000144c       0x8c CMakeFiles/pwm_midi.dir/Users/kaki/Documents/pico/pico-sdk/src/rp2_common/hardware_timer/timer.c.obj
                0x000000001000144c                hardware_alarm_set_callback
 .text.hardware_alarm_set_target
                0x00000000100014d8       0xd4 CMakeFiles/pwm_midi.dir/Users/kaki/Documents/pico/pico-sdk/src/rp2_common/hardware_timer/timer.c.obj
                0x00000000100014d8                hardware_alarm_set_target
 .text.hardware_alarm_cancel
                0x00000000100015ac       0x3c CMakeFiles/pwm_midi.dir/Users/kaki/Documents/pico/pico-sdk/src/rp2_common/hardware_timer/timer.c.obj
                0x00000000100015ac                hardware_alarm_cancel
 .text.ph_merge_nodes
                0x00000000100015e8       0x68 CMakeFiles/pwm_midi.dir/Users/kaki/Documents/pico/pico-sdk/src/common/pico_util/pheap.c.obj
 .text.ph_post_alloc_init
                0x0000000010001650       0x3c CMakeFiles/pwm_midi.dir/Users/kaki/Documents/pico/pico-sdk/src/common/pico_util/pheap.c.obj
                0x0000000010001650                ph_post_alloc_init
 .text.ph_merge_two_pass
                0x000000001000168c       0x90 CMakeFiles/pwm_midi.dir/Users/kaki/Documents/pico/pico-sdk/src/common/pico_util/pheap.c.obj
                0x000000001000168c                ph_merge_two_pass
 .text.ph_remove_any_head
                0x000000001000171c      0x100 CMakeFiles/pwm_midi.dir/Users/kaki/Documents/pico/pico-sdk/src/common/pico_util/pheap.c.obj
 .text.ph_remove_head
                0x000000001000181c      0x104 CMakeFiles/pwm_midi.dir/Users/kaki/Documents/pico/pico-sdk/src/common/pico_util/pheap.c.obj
                0x000000001000181c                ph_remove_head
 .text.ph_remove_and_free_node
                0x0000000010001920       0x7c CMakeFiles/pwm_midi.dir/Users/kaki/Documents/pico/pico-sdk/src/common/pico_util/pheap.c.obj
                0x0000000010001920                ph_remove_and_free_node
 .text.uart_init
                0x000000001000199c      0x188 CMakeFiles/pwm_midi.dir/Users/kaki/Documents/pico/pico-sdk/src/rp2_common/hardware_uart/uart.c.obj
                0x000000001000199c                uart_init
 .text.clocks_init
                0x0000000010001b24      0x2d0 CMakeFiles/pwm_midi.dir/Users/kaki/Documents/pico/pico-sdk/src/rp2_common/hardware_clocks/clocks.c.obj
                0x0000000010001b24                clocks_init
 .text.clock_get_hz
                0x0000000010001df4        0xc CMakeFiles/pwm_midi.dir/Users/kaki/Documents/pico/pico-sdk/src/rp2_common/hardware_clocks/clocks.c.obj
                0x0000000010001df4                clock_get_hz
 .text.pll_init
                0x0000000010001e00       0xa0 CMakeFiles/pwm_midi.dir/Users/kaki/Documents/pico/pico-sdk/src/rp2_common/hardware_pll/pll.c.obj
                0x0000000010001e00                pll_init
 .text.watchdog_start_tick
                0x0000000010001ea0       0x10 CMakeFiles/pwm_midi.dir/Users/kaki/Documents/pico/pico-sdk/src/rp2_common/hardware_watchdog/watchdog.c.obj
                0x0000000010001ea0                watchdog_start_tick
 .text.xosc_init
                0x0000000010001eb0       0x28 CMakeFiles/pwm_midi.dir/Users/kaki/Documents/pico/pico-sdk/src/rp2_common/hardware_xosc/xosc.c.obj
                0x0000000010001eb0                xosc_init
 .text.runtime_init
                0x0000000010001ed8       0xf0 CMakeFiles/pwm_midi.dir/Users/kaki/Documents/pico/pico-sdk/src/rp2_common/pico_runtime/runtime.c.obj
                0x0000000010001ed8                runtime_init
 .text._exit    0x0000000010001fc8        0x4 CMakeFiles/pwm_midi.dir/Users/kaki/Documents/pico/pico-sdk/src/rp2_common/pico_runtime/runtime.c.obj
                0x0000000010001fc8                _exit
 .text.exit     0x0000000010001fcc        0x8 CMakeFiles/pwm_midi.dir/Users/kaki/Documents/pico/pico-sdk/src/rp2_common/pico_runtime/runtime.c.obj
                0x0000000010001fcc                exit
 .text.panic    0x0000000010001fd4       0x30 CMakeFiles/pwm_midi.dir/Users/kaki/Documents/pico/pico-sdk/src/rp2_common/pico_runtime/runtime.c.obj
                0x0000000010001fd4                panic
 .text.hard_assertion_failure
                0x0000000010002004        0xc CMakeFiles/pwm_midi.dir/Users/kaki/Documents/pico/pico-sdk/src/rp2_common/pico_runtime/runtime.c.obj
                0x0000000010002004                hard_assertion_failure
 .text._out_null
                0x0000000010002010        0x4 CMakeFiles/pwm_midi.dir/Users/kaki/Documents/pico/pico-sdk/src/rp2_common/pico_printf/printf.c.obj
 .text._out_rev
                0x0000000010002014       0x9c CMakeFiles/pwm_midi.dir/Users/kaki/Documents/pico/pico-sdk/src/rp2_common/pico_printf/printf.c.obj
 .text._ntoa_format
                0x00000000100020b0      0x1cc CMakeFiles/pwm_midi.dir/Users/kaki/Documents/pico/pico-sdk/src/rp2_common/pico_printf/printf.c.obj
 .text._out_char
                0x000000001000227c       0x10 CMakeFiles/pwm_midi.dir/Users/kaki/Documents/pico/pico-sdk/src/rp2_common/pico_printf/printf.c.obj
 .text._out_fct
                0x000000001000228c       0x10 CMakeFiles/pwm_midi.dir/Users/kaki/Documents/pico/pico-sdk/src/rp2_common/pico_printf/printf.c.obj
 .text._etoa    0x000000001000229c      0x44c CMakeFiles/pwm_midi.dir/Users/kaki/Documents/pico/pico-sdk/src/rp2_common/pico_printf/printf.c.obj
 .text._ftoa    0x00000000100026e8      0x398 CMakeFiles/pwm_midi.dir/Users/kaki/Documents/pico/pico-sdk/src/rp2_common/pico_printf/printf.c.obj
 .text._vsnprintf
                0x0000000010002a80      0xb04 CMakeFiles/pwm_midi.dir/Users/kaki/Documents/pico/pico-sdk/src/rp2_common/pico_printf/printf.c.obj
 .text.vfctprintf
                0x0000000010003584       0x20 CMakeFiles/pwm_midi.dir/Users/kaki/Documents/pico/pico-sdk/src/rp2_common/pico_printf/printf.c.obj
                0x0000000010003584                vfctprintf
 .text.weak_raw_vprintf
                0x00000000100035a4       0x30 CMakeFiles/pwm_midi.dir/Users/kaki/Documents/pico/pico-sdk/src/rp2_common/pico_printf/printf.c.obj
                0x00000000100035a4                weak_raw_vprintf
 .text          0x00000000100035d4       0x10 CMakeFiles/pwm_midi.dir/Users/kaki/Documents/pico/pico-sdk/src/rp2_common/pico_bit_ops/bit_ops_aeabi.S.obj
 .text.rom_func_lookup
                0x00000000100035e4       0x10 CMakeFiles/pwm_midi.dir/Users/kaki/Documents/pico/pico-sdk/src/rp2_common/pico_bootrom/bootrom.c.obj
                0x00000000100035e4                rom_func_lookup
 .text.rom_data_lookup
                0x00000000100035f4       0x10 CMakeFiles/pwm_midi.dir/Users/kaki/Documents/pico/pico-sdk/src/rp2_common/pico_bootrom/bootrom.c.obj
                0x00000000100035f4                rom_data_lookup
 .text.rom_funcs_lookup
                0x0000000010003604       0x44 CMakeFiles/pwm_midi.dir/Users/kaki/Documents/pico/pico-sdk/src/rp2_common/pico_bootrom/bootrom.c.obj
                0x0000000010003604                rom_funcs_lookup
 .text.__wrap___aeabi_idiv
                0x0000000010003648       0x50 CMakeFiles/pwm_midi.dir/Users/kaki/Documents/pico/pico-sdk/src/rp2_common/pico_divider/divider.S.obj
                0x0000000010003648                __wrap___aeabi_idivmod
                0x0000000010003648                divmod_s32s32
                0x0000000010003648                div_s32s32
                0x0000000010003648                __wrap___aeabi_idiv
                0x0000000010003650                divmod_s32s32_unsafe
                0x000000001000367c                divmod_s32s32_savestate
 .text.__wrap___aeabi_uidiv
                0x0000000010003698       0x4c CMakeFiles/pwm_midi.dir/Users/kaki/Documents/pico/pico-sdk/src/rp2_common/pico_divider/divider.S.obj
                0x0000000010003698                __wrap___aeabi_uidiv
                0x0000000010003698                __wrap___aeabi_uidivmod
                0x0000000010003698                div_u32u32
                0x0000000010003698                divmod_u32u32
                0x00000000100036a0                divmod_u32u32_unsafe
                0x00000000100036c8                divmod_u32u32_savestate
 .text.__wrap___aeabi_ldiv
                0x00000000100036e4      0x424 CMakeFiles/pwm_midi.dir/Users/kaki/Documents/pico/pico-sdk/src/rp2_common/pico_divider/divider.S.obj
                0x00000000100036e4                __wrap___aeabi_ldivmod
                0x00000000100036e4                div_s64s64
                0x00000000100036e4                divmod_s64s64
                0x0000000010003714                divmod_u64u64
                0x0000000010003714                div_u64u64
                0x0000000010003714                __wrap___aeabi_uldivmod
                0x0000000010003724                divmod_u64u64_savestate
                0x0000000010003744                divmod_s64s64_unsafe
                0x00000000100037cc                divmod_u64u64_unsafe
 .text.__wrap___aeabi_darithmetic
                0x0000000010003b08       0x80 CMakeFiles/pwm_midi.dir/Users/kaki/Documents/pico/pico-sdk/src/rp2_common/pico_double/double_aeabi.S.obj
                0x0000000010003b08                __wrap___aeabi_drsub
                0x0000000010003b0e                __wrap___aeabi_dsub
                0x0000000010003b20                __wrap___aeabi_dadd
                0x0000000010003b32                __wrap___aeabi_ddiv
                0x0000000010003b6e                __wrap___aeabi_dmul
 .text.__wrap___aeabi_cdcmple
                0x0000000010003b88       0x6c CMakeFiles/pwm_midi.dir/Users/kaki/Documents/pico/pico-sdk/src/rp2_common/pico_double/double_aeabi.S.obj
                0x0000000010003b88                __wrap___aeabi_cdrcmple
                0x0000000010003b98                __wrap___aeabi_cdcmple
                0x0000000010003b98                __wrap___aeabi_cdcmpeq
 .text.__wrap___aeabi_dcmplt
                0x0000000010003bf4        0xc CMakeFiles/pwm_midi.dir/Users/kaki/Documents/pico/pico-sdk/src/rp2_common/pico_double/double_aeabi.S.obj
                0x0000000010003bf4                __wrap___aeabi_dcmplt
 .text.__wrap___aeabi_dcmple
                0x0000000010003c00       0x10 CMakeFiles/pwm_midi.dir/Users/kaki/Documents/pico/pico-sdk/src/rp2_common/pico_double/double_aeabi.S.obj
                0x0000000010003c00                __wrap___aeabi_dcmple
 .text.__wrap___aeabi_dcmpge
                0x0000000010003c10       0x10 CMakeFiles/pwm_midi.dir/Users/kaki/Documents/pico/pico-sdk/src/rp2_common/pico_double/double_aeabi.S.obj
                0x0000000010003c10                __wrap___aeabi_dcmpge
 .text.__wrap___aeabi_dcmpgt
                0x0000000010003c20        0xa CMakeFiles/pwm_midi.dir/Users/kaki/Documents/pico/pico-sdk/src/rp2_common/pico_double/double_aeabi.S.obj
                0x0000000010003c20                __wrap___aeabi_dcmpgt
 .text.__wrap___aeabi_dcmpun
                0x0000000010003c2a       0x1c CMakeFiles/pwm_midi.dir/Users/kaki/Documents/pico/pico-sdk/src/rp2_common/pico_double/double_aeabi.S.obj
                0x0000000010003c2a                __wrap___aeabi_dcmpun
 *fill*         0x0000000010003c46        0x2 
 .text.__wrap___aeabi_i2d
                0x0000000010003c48       0x38 CMakeFiles/pwm_midi.dir/Users/kaki/Documents/pico/pico-sdk/src/rp2_common/pico_double/double_aeabi.S.obj
                0x0000000010003c48                __wrap___aeabi_ui2d
                0x0000000010003c50                __wrap___aeabi_i2d
 .text.__wrap___aeabi_d2iz
                0x0000000010003c80       0x48 CMakeFiles/pwm_midi.dir/Users/kaki/Documents/pico/pico-sdk/src/rp2_common/pico_double/double_aeabi.S.obj
                0x0000000010003c80                __wrap___aeabi_d2iz
                0x0000000010003c80                double2int_z
 .text.__wrap___aeabi_d2uiz
                0x0000000010003cc8       0x18 CMakeFiles/pwm_midi.dir/Users/kaki/Documents/pico/pico-sdk/src/rp2_common/pico_double/double_aeabi.S.obj
                0x0000000010003cc8                double2uint
                0x0000000010003cc8                __wrap___aeabi_d2uiz
 .text.__aeabi_double_init
                0x0000000010003ce0       0x94 CMakeFiles/pwm_midi.dir/Users/kaki/Documents/pico/pico-sdk/src/rp2_common/pico_double/double_init_rom.c.obj
                0x0000000010003ce0                __aeabi_double_init
 .text.double_table_shim_on_use_helper
                0x0000000010003d74       0x2c CMakeFiles/pwm_midi.dir/Users/kaki/Documents/pico/pico-sdk/src/rp2_common/pico_double/double_v1_rom_shim.S.obj
                0x0000000010003d74                double_table_shim_on_use_helper
 .text.__wrap___aeabi_dsub
                0x0000000010003da0       0x10 CMakeFiles/pwm_midi.dir/Users/kaki/Documents/pico/pico-sdk/src/rp2_common/pico_double/double_v1_rom_shim.S.obj
                0x0000000010003da0                drsub_shim
                0x0000000010003da6                dsub_shim
 .text.dadd_shim
                0x0000000010003db0      0x15c CMakeFiles/pwm_midi.dir/Users/kaki/Documents/pico/pico-sdk/src/rp2_common/pico_double/double_v1_rom_shim.S.obj
                0x0000000010003db0                dadd_shim
 .text.dmul_shim
                0x0000000010003f0c      0x15c CMakeFiles/pwm_midi.dir/Users/kaki/Documents/pico/pico-sdk/src/rp2_common/pico_double/double_v1_rom_shim.S.obj
                0x0000000010003f0c                dmul_shim
 .text.ddiv_shim
                0x0000000010004068      0x1b0 CMakeFiles/pwm_midi.dir/Users/kaki/Documents/pico/pico-sdk/src/rp2_common/pico_double/double_v1_rom_shim.S.obj
                0x0000000010004068                ddiv_shim
 .text.double2uint_shim
                0x0000000010004218        0xe CMakeFiles/pwm_midi.dir/Users/kaki/Documents/pico/pico-sdk/src/rp2_common/pico_double/double_v1_rom_shim.S.obj
                0x0000000010004218                double2uint_shim
                0x000000001000421a                double2ufix_shim
 *fill*         0x0000000010004226        0x2 
 .text.double2uint64_shim
                0x0000000010004228       0x70 CMakeFiles/pwm_midi.dir/Users/kaki/Documents/pico/pico-sdk/src/rp2_common/pico_double/double_v1_rom_shim.S.obj
                0x0000000010004228                double2uint64_shim
                0x000000001000422a                double2ufix64_shim
                0x000000001000424a                d2fix_a
 .text.dunpacks
                0x0000000010004298       0x3c CMakeFiles/pwm_midi.dir/Users/kaki/Documents/pico/pico-sdk/src/rp2_common/pico_double/double_v1_rom_shim.S.obj
                0x0000000010004298                dunpacks
 .text.__aeabi_lmul
                0x00000000100042d4       0x32 CMakeFiles/pwm_midi.dir/Users/kaki/Documents/pico/pico-sdk/src/rp2_common/pico_int64_ops/pico_int64_ops_aeabi.S.obj
                0x00000000100042d4                __wrap___aeabi_lmul
 *fill*         0x0000000010004306        0x2 
 .text.__aeabi_float_init
                0x0000000010004308       0x64 CMakeFiles/pwm_midi.dir/Users/kaki/Documents/pico/pico-sdk/src/rp2_common/pico_float/float_init_rom.c.obj
                0x0000000010004308                __aeabi_float_init
 .text.float_table_shim_on_use_helper
                0x000000001000436c       0x2c CMakeFiles/pwm_midi.dir/Users/kaki/Documents/pico/pico-sdk/src/rp2_common/pico_float/float_v1_rom_shim.S.obj
                0x000000001000436c                float_table_shim_on_use_helper
 .text          0x0000000010004398       0x10 CMakeFiles/pwm_midi.dir/Users/kaki/Documents/pico/pico-sdk/src/rp2_common/pico_mem_ops/mem_ops_aeabi.S.obj
                0x0000000010004398                __aeabi_mem_init
 .text.memset   0x00000000100043a8        0xc CMakeFiles/pwm_midi.dir/Users/kaki/Documents/pico/pico-sdk/src/rp2_common/pico_mem_ops/mem_ops_aeabi.S.obj
                0x00000000100043a8                __wrap_memset
 .text.memcpy   0x00000000100043b4        0xc CMakeFiles/pwm_midi.dir/Users/kaki/Documents/pico/pico-sdk/src/rp2_common/pico_mem_ops/mem_ops_aeabi.S.obj
                0x00000000100043b4                __wrap___aeabi_memcpy
                0x00000000100043b4                __wrap_memcpy
 .text.stdio_out_chars_no_crlf
                0x00000000100043c0       0x10 CMakeFiles/pwm_midi.dir/Users/kaki/Documents/pico/pico-sdk/src/rp2_common/pico_stdio/stdio.c.obj
 .text.stdio_out_chars_crlf
                0x00000000100043d0       0xb4 CMakeFiles/pwm_midi.dir/Users/kaki/Documents/pico/pico-sdk/src/rp2_common/pico_stdio/stdio.c.obj
 .text.stdio_buffered_printer
                0x0000000010004484       0x64 CMakeFiles/pwm_midi.dir/Users/kaki/Documents/pico/pico-sdk/src/rp2_common/pico_stdio/stdio.c.obj
 .text.stdio_put_string.isra.0
                0x00000000100044e8       0xfc CMakeFiles/pwm_midi.dir/Users/kaki/Documents/pico/pico-sdk/src/rp2_common/pico_stdio/stdio.c.obj
 .text.__wrap_putchar
                0x00000000100045e4       0x98 CMakeFiles/pwm_midi.dir/Users/kaki/Documents/pico/pico-sdk/src/rp2_common/pico_stdio/stdio.c.obj
                0x00000000100045e4                __wrap_putchar
 .text.__wrap_puts
                0x000000001000467c       0x3c CMakeFiles/pwm_midi.dir/Users/kaki/Documents/pico/pico-sdk/src/rp2_common/pico_stdio/stdio.c.obj
                0x000000001000467c                __wrap_puts
 .text.stdio_set_driver_enabled
                0x00000000100046b8       0x30 CMakeFiles/pwm_midi.dir/Users/kaki/Documents/pico/pico-sdk/src/rp2_common/pico_stdio/stdio.c.obj
                0x00000000100046b8                stdio_set_driver_enabled
 .text.__wrap_vprintf
                0x00000000100046e8       0xd8 CMakeFiles/pwm_midi.dir/Users/kaki/Documents/pico/pico-sdk/src/rp2_common/pico_stdio/stdio.c.obj
                0x00000000100046e8                __wrap_vprintf
 .text.__wrap_printf
                0x00000000100047c0       0x18 CMakeFiles/pwm_midi.dir/Users/kaki/Documents/pico/pico-sdk/src/rp2_common/pico_stdio/stdio.c.obj
                0x00000000100047c0                __wrap_printf
 .text.stdio_init_all
                0x00000000100047d8       0x10 CMakeFiles/pwm_midi.dir/Users/kaki/Documents/pico/pico-sdk/src/rp2_common/pico_stdio/stdio.c.obj
                0x00000000100047d8                stdio_init_all
 .text.stdio_uart_out_chars
                0x00000000100047e8       0x4c CMakeFiles/pwm_midi.dir/Users/kaki/Documents/pico/pico-sdk/src/rp2_common/pico_stdio_uart/stdio_uart.c.obj
 .text.stdio_uart_in_chars
                0x0000000010004834       0x84 CMakeFiles/pwm_midi.dir/Users/kaki/Documents/pico/pico-sdk/src/rp2_common/pico_stdio_uart/stdio_uart.c.obj
                0x0000000010004834                stdio_uart_in_chars
 .text.on_uart_rx
                0x00000000100048b8       0x28 CMakeFiles/pwm_midi.dir/Users/kaki/Documents/pico/pico-sdk/src/rp2_common/pico_stdio_uart/stdio_uart.c.obj
 .text.stdio_uart_set_chars_available_callback
                0x00000000100048e0       0x8c CMakeFiles/pwm_midi.dir/Users/kaki/Documents/pico/pico-sdk/src/rp2_common/pico_stdio_uart/stdio_uart.c.obj
 .text.stdio_uart_init
                0x000000001000496c       0x48 CMakeFiles/pwm_midi.dir/Users/kaki/Documents/pico/pico-sdk/src/rp2_common/pico_stdio_uart/stdio_uart.c.obj
                0x000000001000496c                stdio_uart_init
 .text.stdio_uart_init_full
                0x00000000100049b4       0x3c CMakeFiles/pwm_midi.dir/Users/kaki/Documents/pico/pico-sdk/src/rp2_common/pico_stdio_uart/stdio_uart.c.obj
                0x00000000100049b4                stdio_uart_init_full
 .text.stdio_usb_set_chars_available_callback
                0x00000000100049f0       0x14 CMakeFiles/pwm_midi.dir/Users/kaki/Documents/pico/pico-sdk/src/rp2_common/pico_stdio_usb/stdio_usb.c.obj
                0x00000000100049f0                stdio_usb_set_chars_available_callback
 .text.stdio_usb_in_chars
                0x0000000010004a04       0x90 CMakeFiles/pwm_midi.dir/Users/kaki/Documents/pico/pico-sdk/src/rp2_common/pico_stdio_usb/stdio_usb.c.obj
                0x0000000010004a04                stdio_usb_in_chars
 .text.stdio_usb_out_chars
                0x0000000010004a94      0x100 CMakeFiles/pwm_midi.dir/Users/kaki/Documents/pico/pico-sdk/src/rp2_common/pico_stdio_usb/stdio_usb.c.obj
 .text.tud_cdc_rx_cb
                0x0000000010004b94       0x20 CMakeFiles/pwm_midi.dir/Users/kaki/Documents/pico/pico-sdk/src/rp2_common/pico_stdio_usb/stdio_usb.c.obj
                0x0000000010004b94                tud_cdc_rx_cb
 .text.stdio_usb_init
                0x0000000010004bb4       0x3c CMakeFiles/pwm_midi.dir/Users/kaki/Documents/pico/pico-sdk/src/rp2_common/pico_stdio_usb/stdio_usb.c.obj
                0x0000000010004bb4                stdio_usb_init
 .text.startup._retrieve_unique_id_on_boot
                0x0000000010004bf0       0x10 CMakeFiles/pwm_midi.dir/Users/kaki/Documents/pico/pico-sdk/src/rp2_common/pico_unique_id/unique_id.c.obj
 .text.flash_get_unique_id
                0x0000000010004c00       0x40 CMakeFiles/pwm_midi.dir/Users/kaki/Documents/pico/pico-sdk/src/rp2_common/hardware_flash/flash.c.obj
                0x0000000010004c00                flash_get_unique_id
 .text.dcd_int_enable
                0x0000000010004c40        0xc CMakeFiles/pwm_midi.dir/Users/kaki/Documents/pico/pico-sdk/lib/tinyusb/src/portable/raspberrypi/rp2040/dcd_rp2040.c.obj
                0x0000000010004c40                dcd_int_enable
 .text.dcd_set_address
                0x0000000010004c4c       0x14 CMakeFiles/pwm_midi.dir/Users/kaki/Documents/pico/pico-sdk/lib/tinyusb/src/portable/raspberrypi/rp2040/dcd_rp2040.c.obj
                0x0000000010004c4c                dcd_set_address
 .text.dcd_connect
                0x0000000010004c60       0x10 CMakeFiles/pwm_midi.dir/Users/kaki/Documents/pico/pico-sdk/lib/tinyusb/src/portable/raspberrypi/rp2040/dcd_rp2040.c.obj
                0x0000000010004c60                dcd_connect
 .text.dcd_init
                0x0000000010004c70       0x98 CMakeFiles/pwm_midi.dir/Users/kaki/Documents/pico/pico-sdk/lib/tinyusb/src/portable/raspberrypi/rp2040/dcd_rp2040.c.obj
                0x0000000010004c70                dcd_init
 .text.dcd_edpt0_status_complete
                0x0000000010004d08       0x1c CMakeFiles/pwm_midi.dir/Users/kaki/Documents/pico/pico-sdk/lib/tinyusb/src/portable/raspberrypi/rp2040/dcd_rp2040.c.obj
                0x0000000010004d08                dcd_edpt0_status_complete
 .text.dcd_edpt_open
                0x0000000010004d24      0x108 CMakeFiles/pwm_midi.dir/Users/kaki/Documents/pico/pico-sdk/lib/tinyusb/src/portable/raspberrypi/rp2040/dcd_rp2040.c.obj
                0x0000000010004d24                dcd_edpt_open
 .text.dcd_edpt_close_all
                0x0000000010004e2c        0x8 CMakeFiles/pwm_midi.dir/Users/kaki/Documents/pico/pico-sdk/lib/tinyusb/src/portable/raspberrypi/rp2040/dcd_rp2040.c.obj
                0x0000000010004e2c                dcd_edpt_close_all
 .text.dcd_edpt_xfer
                0x0000000010004e34       0x24 CMakeFiles/pwm_midi.dir/Users/kaki/Documents/pico/pico-sdk/lib/tinyusb/src/portable/raspberrypi/rp2040/dcd_rp2040.c.obj
                0x0000000010004e34                dcd_edpt_xfer
 .text.dcd_edpt_stall
                0x0000000010004e58       0x38 CMakeFiles/pwm_midi.dir/Users/kaki/Documents/pico/pico-sdk/lib/tinyusb/src/portable/raspberrypi/rp2040/dcd_rp2040.c.obj
                0x0000000010004e58                dcd_edpt_stall
 .text.dcd_edpt_clear_stall
                0x0000000010004e90       0x30 CMakeFiles/pwm_midi.dir/Users/kaki/Documents/pico/pico-sdk/lib/tinyusb/src/portable/raspberrypi/rp2040/dcd_rp2040.c.obj
                0x0000000010004e90                dcd_edpt_clear_stall
 .text.rp2040_usb_init
                0x0000000010004ec0       0x4c CMakeFiles/pwm_midi.dir/Users/kaki/Documents/pico/pico-sdk/lib/tinyusb/src/portable/raspberrypi/rp2040/rp2040_usb.c.obj
                0x0000000010004ec0                rp2040_usb_init
 .text.hw_endpoint_xfer_start
                0x0000000010004f0c       0x50 CMakeFiles/pwm_midi.dir/Users/kaki/Documents/pico/pico-sdk/lib/tinyusb/src/portable/raspberrypi/rp2040/rp2040_usb.c.obj
                0x0000000010004f0c                hw_endpoint_xfer_start
 .text.configuration_reset
                0x0000000010004f5c       0xa4 CMakeFiles/pwm_midi.dir/Users/kaki/Documents/pico/pico-sdk/lib/tinyusb/src/device/usbd.c.obj
 .text.tud_mounted
                0x0000000010005000       0x10 CMakeFiles/pwm_midi.dir/Users/kaki/Documents/pico/pico-sdk/lib/tinyusb/src/device/usbd.c.obj
                0x0000000010005000                tud_mounted
 .text.tud_suspended
                0x0000000010005010       0x10 CMakeFiles/pwm_midi.dir/Users/kaki/Documents/pico/pico-sdk/lib/tinyusb/src/device/usbd.c.obj
                0x0000000010005010                tud_suspended
 .text.tud_inited
                0x0000000010005020       0x14 CMakeFiles/pwm_midi.dir/Users/kaki/Documents/pico/pico-sdk/lib/tinyusb/src/device/usbd.c.obj
                0x0000000010005020                tud_inited
 .text.tud_init
                0x0000000010005034       0xf8 CMakeFiles/pwm_midi.dir/Users/kaki/Documents/pico/pico-sdk/lib/tinyusb/src/device/usbd.c.obj
                0x0000000010005034                tud_init
 .text.tud_task_ext
                0x000000001000512c      0x774 CMakeFiles/pwm_midi.dir/Users/kaki/Documents/pico/pico-sdk/lib/tinyusb/src/device/usbd.c.obj
                0x000000001000512c                tud_task_ext
 .text.usbd_open_edpt_pair
                0x00000000100058a0       0x9c CMakeFiles/pwm_midi.dir/Users/kaki/Documents/pico/pico-sdk/lib/tinyusb/src/device/usbd.c.obj
                0x00000000100058a0                usbd_open_edpt_pair
 .text.usbd_defer_func
                0x000000001000593c       0x48 CMakeFiles/pwm_midi.dir/Users/kaki/Documents/pico/pico-sdk/lib/tinyusb/src/device/usbd.c.obj
                0x000000001000593c                usbd_defer_func
 .text.usbd_edpt_open
                0x0000000010005984       0x34 CMakeFiles/pwm_midi.dir/Users/kaki/Documents/pico/pico-sdk/lib/tinyusb/src/device/usbd.c.obj
                0x0000000010005984                usbd_edpt_open
 .text.usbd_edpt_claim
                0x00000000100059b8       0x28 CMakeFiles/pwm_midi.dir/Users/kaki/Documents/pico/pico-sdk/lib/tinyusb/src/device/usbd.c.obj
                0x00000000100059b8                usbd_edpt_claim
 .text.usbd_edpt_release
                0x00000000100059e0       0x28 CMakeFiles/pwm_midi.dir/Users/kaki/Documents/pico/pico-sdk/lib/tinyusb/src/device/usbd.c.obj
                0x00000000100059e0                usbd_edpt_release
 .text.usbd_edpt_xfer
                0x0000000010005a08       0x4c CMakeFiles/pwm_midi.dir/Users/kaki/Documents/pico/pico-sdk/lib/tinyusb/src/device/usbd.c.obj
                0x0000000010005a08                usbd_edpt_xfer
 .text.tud_control_status
                0x0000000010005a54       0x30 CMakeFiles/pwm_midi.dir/Users/kaki/Documents/pico/pico-sdk/lib/tinyusb/src/device/usbd_control.c.obj
                0x0000000010005a54                tud_control_status
 .text.tud_control_xfer
                0x0000000010005a84       0xbc CMakeFiles/pwm_midi.dir/Users/kaki/Documents/pico/pico-sdk/lib/tinyusb/src/device/usbd_control.c.obj
                0x0000000010005a84                tud_control_xfer
 .text.usbd_control_reset
                0x0000000010005b40       0x14 CMakeFiles/pwm_midi.dir/Users/kaki/Documents/pico/pico-sdk/lib/tinyusb/src/device/usbd_control.c.obj
                0x0000000010005b40                usbd_control_reset
 .text.usbd_control_set_complete_callback
                0x0000000010005b54        0xc CMakeFiles/pwm_midi.dir/Users/kaki/Documents/pico/pico-sdk/lib/tinyusb/src/device/usbd_control.c.obj
                0x0000000010005b54                usbd_control_set_complete_callback
 .text.usbd_control_set_request
                0x0000000010005b60       0x1c CMakeFiles/pwm_midi.dir/Users/kaki/Documents/pico/pico-sdk/lib/tinyusb/src/device/usbd_control.c.obj
                0x0000000010005b60                usbd_control_set_request
 .text.usbd_control_xfer_cb
                0x0000000010005b7c       0xfc CMakeFiles/pwm_midi.dir/Users/kaki/Documents/pico/pico-sdk/lib/tinyusb/src/device/usbd_control.c.obj
                0x0000000010005b7c                usbd_control_xfer_cb
 .text.tud_cdc_n_connected
                0x0000000010005c78       0x34 CMakeFiles/pwm_midi.dir/Users/kaki/Documents/pico/pico-sdk/lib/tinyusb/src/class/cdc/cdc_device.c.obj
                0x0000000010005c78                tud_cdc_n_connected
 .text.tud_cdc_n_available
                0x0000000010005cac       0x20 CMakeFiles/pwm_midi.dir/Users/kaki/Documents/pico/pico-sdk/lib/tinyusb/src/class/cdc/cdc_device.c.obj
                0x0000000010005cac                tud_cdc_n_available
 .text.tud_cdc_n_read
                0x0000000010005ccc       0x74 CMakeFiles/pwm_midi.dir/Users/kaki/Documents/pico/pico-sdk/lib/tinyusb/src/class/cdc/cdc_device.c.obj
                0x0000000010005ccc                tud_cdc_n_read
 .text.tud_cdc_n_write_flush
                0x0000000010005d40       0x78 CMakeFiles/pwm_midi.dir/Users/kaki/Documents/pico/pico-sdk/lib/tinyusb/src/class/cdc/cdc_device.c.obj
                0x0000000010005d40                tud_cdc_n_write_flush
 .text.tud_cdc_n_write
                0x0000000010005db8       0x38 CMakeFiles/pwm_midi.dir/Users/kaki/Documents/pico/pico-sdk/lib/tinyusb/src/class/cdc/cdc_device.c.obj
                0x0000000010005db8                tud_cdc_n_write
 .text.tud_cdc_n_write_available
                0x0000000010005df0       0x20 CMakeFiles/pwm_midi.dir/Users/kaki/Documents/pico/pico-sdk/lib/tinyusb/src/class/cdc/cdc_device.c.obj
                0x0000000010005df0                tud_cdc_n_write_available
 .text.cdcd_init
                0x0000000010005e10       0x70 CMakeFiles/pwm_midi.dir/Users/kaki/Documents/pico/pico-sdk/lib/tinyusb/src/class/cdc/cdc_device.c.obj
                0x0000000010005e10                cdcd_init
 .text.cdcd_reset
                0x0000000010005e80       0x2c CMakeFiles/pwm_midi.dir/Users/kaki/Documents/pico/pico-sdk/lib/tinyusb/src/class/cdc/cdc_device.c.obj
                0x0000000010005e80                cdcd_reset
 .text.cdcd_open
                0x0000000010005eac       0xe4 CMakeFiles/pwm_midi.dir/Users/kaki/Documents/pico/pico-sdk/lib/tinyusb/src/class/cdc/cdc_device.c.obj
                0x0000000010005eac                cdcd_open
 .text.cdcd_control_xfer_cb
                0x0000000010005f90       0xe4 CMakeFiles/pwm_midi.dir/Users/kaki/Documents/pico/pico-sdk/lib/tinyusb/src/class/cdc/cdc_device.c.obj
                0x0000000010005f90                cdcd_control_xfer_cb
 .text.cdcd_xfer_cb
                0x0000000010006074      0x144 CMakeFiles/pwm_midi.dir/Users/kaki/Documents/pico/pico-sdk/lib/tinyusb/src/class/cdc/cdc_device.c.obj
                0x0000000010006074                cdcd_xfer_cb
 .text.tud_midi_n_available
                0x00000000100061b8       0x2c CMakeFiles/pwm_midi.dir/Users/kaki/Documents/pico/pico-sdk/lib/tinyusb/src/class/midi/midi_device.c.obj
                0x00000000100061b8                tud_midi_n_available
 .text.tud_midi_n_packet_read
                0x00000000100061e4       0x80 CMakeFiles/pwm_midi.dir/Users/kaki/Documents/pico/pico-sdk/lib/tinyusb/src/class/midi/midi_device.c.obj
                0x00000000100061e4                tud_midi_n_packet_read
 .text.midid_init
                0x0000000010006264       0x5c CMakeFiles/pwm_midi.dir/Users/kaki/Documents/pico/pico-sdk/lib/tinyusb/src/class/midi/midi_device.c.obj
                0x0000000010006264                midid_init
 .text.midid_reset
                0x00000000100062c0       0x24 CMakeFiles/pwm_midi.dir/Users/kaki/Documents/pico/pico-sdk/lib/tinyusb/src/class/midi/midi_device.c.obj
                0x00000000100062c0                midid_reset
 .text.midid_open
                0x00000000100062e4      0x124 CMakeFiles/pwm_midi.dir/Users/kaki/Documents/pico/pico-sdk/lib/tinyusb/src/class/midi/midi_device.c.obj
                0x00000000100062e4                midid_open
 .text.midid_control_xfer_cb
                0x0000000010006408        0x4 CMakeFiles/pwm_midi.dir/Users/kaki/Documents/pico/pico-sdk/lib/tinyusb/src/class/midi/midi_device.c.obj
                0x0000000010006408                midid_control_xfer_cb
 .text.midid_xfer_cb
                0x000000001000640c      0x108 CMakeFiles/pwm_midi.dir/Users/kaki/Documents/pico/pico-sdk/lib/tinyusb/src/class/midi/midi_device.c.obj
                0x000000001000640c                midid_xfer_cb
 .text.tusb_inited
                0x0000000010006514        0x8 CMakeFiles/pwm_midi.dir/Users/kaki/Documents/pico/pico-sdk/lib/tinyusb/src/tusb.c.obj
                0x0000000010006514                tusb_inited
 .text.tu_edpt_claim
                0x000000001000651c       0x50 CMakeFiles/pwm_midi.dir/Users/kaki/Documents/pico/pico-sdk/lib/tinyusb/src/tusb.c.obj
                0x000000001000651c                tu_edpt_claim
 .text.tu_edpt_release
                0x000000001000656c       0x38 CMakeFiles/pwm_midi.dir/Users/kaki/Documents/pico/pico-sdk/lib/tinyusb/src/tusb.c.obj
                0x000000001000656c                tu_edpt_release
 .text.tu_edpt_validate
                0x00000000100065a4       0x78 CMakeFiles/pwm_midi.dir/Users/kaki/Documents/pico/pico-sdk/lib/tinyusb/src/tusb.c.obj
                0x00000000100065a4                tu_edpt_validate
 .text.tu_edpt_bind_driver
                0x000000001000661c       0x34 CMakeFiles/pwm_midi.dir/Users/kaki/Documents/pico/pico-sdk/lib/tinyusb/src/tusb.c.obj
                0x000000001000661c                tu_edpt_bind_driver
 .text.tu_fifo_config
                0x0000000010006650       0x70 CMakeFiles/pwm_midi.dir/Users/kaki/Documents/pico/pico-sdk/lib/tinyusb/src/common/tusb_fifo.c.obj
                0x0000000010006650                tu_fifo_config
 .text.tu_fifo_count
                0x00000000100066c0       0x2c CMakeFiles/pwm_midi.dir/Users/kaki/Documents/pico/pico-sdk/lib/tinyusb/src/common/tusb_fifo.c.obj
                0x00000000100066c0                tu_fifo_count
 .text.tu_fifo_empty
                0x00000000100066ec       0x10 CMakeFiles/pwm_midi.dir/Users/kaki/Documents/pico/pico-sdk/lib/tinyusb/src/common/tusb_fifo.c.obj
                0x00000000100066ec                tu_fifo_empty
 .text.tu_fifo_remaining
                0x00000000100066fc       0x2c CMakeFiles/pwm_midi.dir/Users/kaki/Documents/pico/pico-sdk/lib/tinyusb/src/common/tusb_fifo.c.obj
                0x00000000100066fc                tu_fifo_remaining
 .text.tu_fifo_read
                0x0000000010006728       0xa0 CMakeFiles/pwm_midi.dir/Users/kaki/Documents/pico/pico-sdk/lib/tinyusb/src/common/tusb_fifo.c.obj
                0x0000000010006728                tu_fifo_read
 .text.tu_fifo_read_n
                0x00000000100067c8       0xec CMakeFiles/pwm_midi.dir/Users/kaki/Documents/pico/pico-sdk/lib/tinyusb/src/common/tusb_fifo.c.obj
                0x00000000100067c8                tu_fifo_read_n
 .text.tu_fifo_write
                0x00000000100068b4       0x88 CMakeFiles/pwm_midi.dir/Users/kaki/Documents/pico/pico-sdk/lib/tinyusb/src/common/tusb_fifo.c.obj
                0x00000000100068b4                tu_fifo_write
 .text.tu_fifo_write_n
                0x000000001000693c      0x168 CMakeFiles/pwm_midi.dir/Users/kaki/Documents/pico/pico-sdk/lib/tinyusb/src/common/tusb_fifo.c.obj
                0x000000001000693c                tu_fifo_write_n
 .text.tu_fifo_clear
                0x0000000010006aa4       0x40 CMakeFiles/pwm_midi.dir/Users/kaki/Documents/pico/pico-sdk/lib/tinyusb/src/common/tusb_fifo.c.obj
                0x0000000010006aa4                tu_fifo_clear
 .text.tu_fifo_set_overwritable
                0x0000000010006ae4       0x48 CMakeFiles/pwm_midi.dir/Users/kaki/Documents/pico/pico-sdk/lib/tinyusb/src/common/tusb_fifo.c.obj
                0x0000000010006ae4                tu_fifo_set_overwritable
 .text.hw_enumeration_fix_force_ls_j_done
                0x0000000010006b2c       0x44 CMakeFiles/pwm_midi.dir/Users/kaki/Documents/pico/pico-sdk/src/rp2_common/pico_fix/rp2040_usb_device_enumeration/rp2040_usb_device_enumeration.c.obj
                0x0000000010006b2c                hw_enumeration_fix_force_ls_j_done
 .text.hw_enumeration_fix_force_ls_j
                0x0000000010006b70      0x104 CMakeFiles/pwm_midi.dir/Users/kaki/Documents/pico/pico-sdk/src/rp2_common/pico_fix/rp2040_usb_device_enumeration/rp2040_usb_device_enumeration.c.obj
 .text.hw_enumeration_fix_wait_se0_callback
                0x0000000010006c74       0x24 CMakeFiles/pwm_midi.dir/Users/kaki/Documents/pico/pico-sdk/src/rp2_common/pico_fix/rp2040_usb_device_enumeration/rp2040_usb_device_enumeration.c.obj
                0x0000000010006c74                hw_enumeration_fix_wait_se0_callback
 .text.rp2040_usb_device_enumeration_fix
                0x0000000010006c98       0x64 CMakeFiles/pwm_midi.dir/Users/kaki/Documents/pico/pico-sdk/src/rp2_common/pico_fix/rp2040_usb_device_enumeration/rp2040_usb_device_enumeration.c.obj
                0x0000000010006c98                rp2040_usb_device_enumeration_fix
 .text.startup.boot_double_tap_check
                0x0000000010006cfc       0x60 CMakeFiles/pwm_midi.dir/Users/kaki/Documents/pico/pico-sdk/src/rp2_common/pico_bootsel_via_double_reset/pico_bootsel_via_double_reset.c.obj
 .text.board_init
                0x0000000010006d5c       0x30 CMakeFiles/pwm_midi.dir/Users/kaki/Documents/pico/pico-sdk/lib/tinyusb/hw/bsp/rp2040/family.c.obj
                0x0000000010006d5c                board_init
 .text.strlen   0x0000000010006d8c       0x5c /Applications/ARM/bin/../lib/gcc/arm-none-eabi/10.3.1/../../../../arm-none-eabi/lib/thumb/v6-m/nofp/libc.a(lib_a-strlen-stub.o)
                0x0000000010006d8c                strlen
 *(.fini)
 .fini          0x0000000010006de8        0x4 /Applications/ARM/bin/../lib/gcc/arm-none-eabi/10.3.1/thumb/v6-m/nofp/crti.o
                0x0000000010006de8                _fini
 *fill*         0x0000000010006dec        0x4 
 .fini.__stub   0x0000000010006df0       0xc0 linker stubs
 *crtbegin.o(.ctors)
 *crtbegin?.o(.ctors)
 *(EXCLUDE_FILE(*crtend.o *crtend?.o) .ctors)
 *(SORT_BY_NAME(.ctors.*))
 *(.ctors)
 *crtbegin.o(.dtors)
 *crtbegin?.o(.dtors)
 *(EXCLUDE_FILE(*crtend.o *crtend?.o) .dtors)
 *(SORT_BY_NAME(.dtors.*))
 *(.dtors)
 *(.eh_frame*)
 .eh_frame      0x0000000010006eb0        0x0 /Applications/ARM/bin/../lib/gcc/arm-none-eabi/10.3.1/thumb/v6-m/nofp/crtbegin.o
                0x0000000010006eb0                . = ALIGN (0x4)

.glue_7         0x0000000010006eb0        0x0
 .glue_7        0x0000000010006eb0        0x0 linker stubs

.glue_7t        0x0000000010006eb0        0x0
 .glue_7t       0x0000000010006eb0        0x0 linker stubs

.vfp11_veneer   0x0000000010006eb0        0x0
 .vfp11_veneer  0x0000000010006eb0        0x0 linker stubs

.v4_bx          0x0000000010006eb0        0x0
 .v4_bx         0x0000000010006eb0        0x0 linker stubs

.iplt           0x0000000010006eb0        0x0
 .iplt          0x0000000010006eb0        0x0 /Applications/ARM/bin/../lib/gcc/arm-none-eabi/10.3.1/thumb/v6-m/nofp/crtbegin.o

.rodata         0x0000000010006eb0      0x620
 *(EXCLUDE_FILE(*libm.a: *libc.a:*lib_a-mem*.o *libgcc.a:) .rodata*)
 .rodata.main.str1.4
                0x0000000010006eb0       0x24 CMakeFiles/pwm_midi.dir/main.c.obj
 .rodata.pwm_on.str1.4
                0x0000000010006ed4       0x15 CMakeFiles/pwm_midi.dir/pwm.c.obj
 *fill*         0x0000000010006ee9        0x3 
 .rodata.pwm_off.str1.4
                0x0000000010006eec       0x15 CMakeFiles/pwm_midi.dir/pwm.c.obj
 *fill*         0x0000000010006f01        0x3 
 .rodata.str1.4
                0x0000000010006f04       0x40 CMakeFiles/pwm_midi.dir/usb_descriptors.c.obj
 .rodata.__compound_literal.0
                0x0000000010006f44        0x2 CMakeFiles/pwm_midi.dir/usb_descriptors.c.obj
 *fill*         0x0000000010006f46        0x2 
 .rodata.desc_device
                0x0000000010006f48       0x12 CMakeFiles/pwm_midi.dir/usb_descriptors.c.obj
                0x0000000010006f48                desc_device
 *fill*         0x0000000010006f5a        0x2 
 .rodata.desc_fs_configuration
                0x0000000010006f5c       0xa7 CMakeFiles/pwm_midi.dir/usb_descriptors.c.obj
                0x0000000010006f5c                desc_fs_configuration
 *fill*         0x0000000010007003        0x1 
 .rodata.spin_lock_claim_unused.str1.4
                0x0000000010007004       0x1b CMakeFiles/pwm_midi.dir/Users/kaki/Documents/pico/pico-sdk/src/rp2_common/hardware_sync/sync.c.obj
 *fill*         0x000000001000701f        0x1 
 .rodata.hardware_alarm_claim.str1.4
                0x0000000010007020       0x22 CMakeFiles/pwm_midi.dir/Users/kaki/Documents/pico/pico-sdk/src/rp2_common/hardware_timer/timer.c.obj
 *fill*         0x0000000010007042        0x2 
 .rodata.panic.str1.4
                0x0000000010007044       0x12 CMakeFiles/pwm_midi.dir/Users/kaki/Documents/pico/pico-sdk/src/rp2_common/pico_runtime/runtime.c.obj
 *fill*         0x0000000010007056        0x2 
 .rodata.hard_assertion_failure.str1.4
                0x0000000010007058        0xc CMakeFiles/pwm_midi.dir/Users/kaki/Documents/pico/pico-sdk/src/rp2_common/pico_runtime/runtime.c.obj
 .rodata._ftoa.str1.4
                0x0000000010007064       0x15 CMakeFiles/pwm_midi.dir/Users/kaki/Documents/pico/pico-sdk/src/rp2_common/pico_printf/printf.c.obj
 *fill*         0x0000000010007079        0x3 
 .rodata._vsnprintf
                0x000000001000707c      0x1e0 CMakeFiles/pwm_midi.dir/Users/kaki/Documents/pico/pico-sdk/src/rp2_common/pico_printf/printf.c.obj
 *fill*         0x000000001000725c        0x4 
 .rodata.pow10.0
                0x0000000010007260       0x50 CMakeFiles/pwm_midi.dir/Users/kaki/Documents/pico/pico-sdk/src/rp2_common/pico_printf/printf.c.obj
 .rodata.str1.4
                0x00000000100072b0       0x40 CMakeFiles/pwm_midi.dir/Users/kaki/Documents/pico/pico-sdk/src/rp2_common/pico_standard_link/binary_info.c.obj
 .rodata.__bi_44
                0x00000000100072f0        0xc CMakeFiles/pwm_midi.dir/Users/kaki/Documents/pico/pico-sdk/src/rp2_common/pico_standard_link/binary_info.c.obj
 .rodata.__bi_75
                0x00000000100072fc        0xc CMakeFiles/pwm_midi.dir/Users/kaki/Documents/pico/pico-sdk/src/rp2_common/pico_standard_link/binary_info.c.obj
 .rodata.__bi_81
                0x0000000010007308        0xc CMakeFiles/pwm_midi.dir/Users/kaki/Documents/pico/pico-sdk/src/rp2_common/pico_standard_link/binary_info.c.obj
 .rodata.crlf_str.0
                0x0000000010007314        0x2 CMakeFiles/pwm_midi.dir/Users/kaki/Documents/pico/pico-sdk/src/rp2_common/pico_stdio/stdio.c.obj
 *fill*         0x0000000010007316        0x2 
 .rodata.str1.4
                0x0000000010007318       0x2c CMakeFiles/pwm_midi.dir/Users/kaki/Documents/pico/pico-sdk/src/rp2_common/pico_stdio_uart/stdio_uart.c.obj
 .rodata.__bi_33.4
                0x0000000010007344        0xc CMakeFiles/pwm_midi.dir/Users/kaki/Documents/pico/pico-sdk/src/rp2_common/pico_stdio_uart/stdio_uart.c.obj
 .rodata.__bi_34.5
                0x0000000010007350        0x8 CMakeFiles/pwm_midi.dir/Users/kaki/Documents/pico/pico-sdk/src/rp2_common/pico_stdio_uart/stdio_uart.c.obj
 .rodata.str1.4
                0x0000000010007358       0x13 CMakeFiles/pwm_midi.dir/Users/kaki/Documents/pico/pico-sdk/src/rp2_common/pico_stdio_usb/stdio_usb.c.obj
 *fill*         0x000000001000736b        0x1 
 .rodata.__bi_182.0
                0x000000001000736c        0xc CMakeFiles/pwm_midi.dir/Users/kaki/Documents/pico/pico-sdk/src/rp2_common/pico_stdio_usb/stdio_usb.c.obj
 .rodata.str1.4
                0x0000000010007378       0x14 CMakeFiles/pwm_midi.dir/Users/kaki/Documents/pico/pico-sdk/lib/tinyusb/src/portable/raspberrypi/rp2040/dcd_rp2040.c.obj
 .rodata.str1.4
                0x000000001000738c       0x49 CMakeFiles/pwm_midi.dir/Users/kaki/Documents/pico/pico-sdk/lib/tinyusb/src/portable/raspberrypi/rp2040/rp2040_usb.c.obj
                                         0x53 (size before relaxing)
 *fill*         0x00000000100073d5        0x3 
 .rodata.tud_task_ext
                0x00000000100073d8       0x8c CMakeFiles/pwm_midi.dir/Users/kaki/Documents/pico/pico-sdk/lib/tinyusb/src/device/usbd.c.obj
 .rodata._usbd_driver
                0x0000000010007464       0x30 CMakeFiles/pwm_midi.dir/Users/kaki/Documents/pico/pico-sdk/lib/tinyusb/src/device/usbd.c.obj
 .rodata.str1.4
                0x0000000010007494       0x18 CMakeFiles/pwm_midi.dir/Users/kaki/Documents/pico/pico-sdk/src/rp2_common/pico_bootsel_via_double_reset/pico_bootsel_via_double_reset.c.obj
 .rodata.__bi_35
                0x00000000100074ac        0xc CMakeFiles/pwm_midi.dir/Users/kaki/Documents/pico/pico-sdk/src/rp2_common/pico_bootsel_via_double_reset/pico_bootsel_via_double_reset.c.obj
 .rodata.str1.4
                0x00000000100074b8        0x4 CMakeFiles/pwm_midi.dir/Users/kaki/Documents/pico/pico-sdk/lib/tinyusb/hw/bsp/rp2040/family.c.obj
 .rodata.__bi_142.0
                0x00000000100074bc        0xc CMakeFiles/pwm_midi.dir/Users/kaki/Documents/pico/pico-sdk/lib/tinyusb/hw/bsp/rp2040/family.c.obj
 .rodata.__bi_152.1
                0x00000000100074c8        0x8 CMakeFiles/pwm_midi.dir/Users/kaki/Documents/pico/pico-sdk/lib/tinyusb/hw/bsp/rp2040/family.c.obj
                0x00000000100074d0                . = ALIGN (0x4)
 *(SORT_BY_ALIGNMENT(SORT_BY_NAME(.flashdata*)))
                0x00000000100074d0                . = ALIGN (0x4)

.ARM.extab
 *(.ARM.extab* .gnu.linkonce.armextab.*)
                0x00000000100074d0                __exidx_start = .

.ARM.exidx
 *(.ARM.exidx* .gnu.linkonce.armexidx.*)
                0x00000000100074d0                __exidx_end = .
                0x00000000100074d0                . = ALIGN (0x4)
                0x00000000100074d0                __binary_info_start = .

.binary_info    0x00000000100074d0       0x34
 *(.binary_info.keep.*)
 .binary_info.keep.__bi_ptr22
                0x00000000100074d0        0x4 CMakeFiles/pwm_midi.dir/Users/kaki/Documents/pico/pico-sdk/src/rp2_common/pico_standard_link/binary_info.c.obj
 .binary_info.keep.__bi_ptr30
                0x00000000100074d4        0x4 CMakeFiles/pwm_midi.dir/Users/kaki/Documents/pico/pico-sdk/src/rp2_common/pico_standard_link/binary_info.c.obj
 .binary_info.keep.__bi_ptr38
                0x00000000100074d8        0x4 CMakeFiles/pwm_midi.dir/Users/kaki/Documents/pico/pico-sdk/src/rp2_common/pico_standard_link/binary_info.c.obj
 .binary_info.keep.__bi_ptr44
                0x00000000100074dc        0x4 CMakeFiles/pwm_midi.dir/Users/kaki/Documents/pico/pico-sdk/src/rp2_common/pico_standard_link/binary_info.c.obj
 .binary_info.keep.__bi_ptr50
                0x00000000100074e0        0x4 CMakeFiles/pwm_midi.dir/Users/kaki/Documents/pico/pico-sdk/src/rp2_common/pico_standard_link/binary_info.c.obj
 .binary_info.keep.__bi_ptr75
                0x00000000100074e4        0x4 CMakeFiles/pwm_midi.dir/Users/kaki/Documents/pico/pico-sdk/src/rp2_common/pico_standard_link/binary_info.c.obj
 .binary_info.keep.__bi_ptr81
                0x00000000100074e8        0x4 CMakeFiles/pwm_midi.dir/Users/kaki/Documents/pico/pico-sdk/src/rp2_common/pico_standard_link/binary_info.c.obj
 .binary_info.keep.__bi_ptr35
                0x00000000100074ec        0x4 CMakeFiles/pwm_midi.dir/Users/kaki/Documents/pico/pico-sdk/src/rp2_common/pico_bootsel_via_double_reset/pico_bootsel_via_double_reset.c.obj
 .binary_info.keep.__bi_ptr142
                0x00000000100074f0        0x4 CMakeFiles/pwm_midi.dir/Users/kaki/Documents/pico/pico-sdk/lib/tinyusb/hw/bsp/rp2040/family.c.obj
 .binary_info.keep.__bi_ptr152
                0x00000000100074f4        0x4 CMakeFiles/pwm_midi.dir/Users/kaki/Documents/pico/pico-sdk/lib/tinyusb/hw/bsp/rp2040/family.c.obj
 *(.binary_info.*)
 .binary_info.__bi_ptr33
                0x00000000100074f8        0x4 CMakeFiles/pwm_midi.dir/Users/kaki/Documents/pico/pico-sdk/src/rp2_common/pico_stdio_uart/stdio_uart.c.obj
 .binary_info.__bi_ptr34
                0x00000000100074fc        0x4 CMakeFiles/pwm_midi.dir/Users/kaki/Documents/pico/pico-sdk/src/rp2_common/pico_stdio_uart/stdio_uart.c.obj
 .binary_info.__bi_ptr182
                0x0000000010007500        0x4 CMakeFiles/pwm_midi.dir/Users/kaki/Documents/pico/pico-sdk/src/rp2_common/pico_stdio_usb/stdio_usb.c.obj
                0x0000000010007504                __binary_info_end = .

.rel.dyn        0x0000000010007504        0x0
 .rel.iplt      0x0000000010007504        0x0 /Applications/ARM/bin/../lib/gcc/arm-none-eabi/10.3.1/thumb/v6-m/nofp/crtbegin.o
                0x0000000010007504                . = ALIGN (0x4)

.ram_vector_table
                0x0000000020000000       0xc0
 *(.ram_vector_table)
 .ram_vector_table
                0x0000000020000000       0xc0 CMakeFiles/pwm_midi.dir/Users/kaki/Documents/pico/pico-sdk/src/rp2_common/pico_runtime/runtime.c.obj
                0x0000000020000000                ram_vector_table

.data           0x00000000200000c0     0x10ac load address 0x0000000010007504
                0x00000000200000c0                __data_start__ = .
 *(vtable)
 *(.time_critical*)
 .time_critical.mutex_try_enter_block_until
                0x00000000200000c0       0x9c CMakeFiles/pwm_midi.dir/Users/kaki/Documents/pico/pico-sdk/src/common/pico_sync/mutex.c.obj
                0x00000000200000c0                mutex_try_enter_block_until
 .time_critical.mutex_enter_timeout_ms
                0x000000002000015c       0x90 CMakeFiles/pwm_midi.dir/Users/kaki/Documents/pico/pico-sdk/src/common/pico_sync/mutex.c.obj
                0x000000002000015c                mutex_enter_timeout_ms
 .time_critical.mutex_exit
                0x00000000200001ec       0x28 CMakeFiles/pwm_midi.dir/Users/kaki/Documents/pico/pico-sdk/src/common/pico_sync/mutex.c.obj
                0x00000000200001ec                mutex_exit
 .time_critical.flash_init_boot2_copyout
                0x0000000020000214       0x30 CMakeFiles/pwm_midi.dir/Users/kaki/Documents/pico/pico-sdk/src/rp2_common/hardware_flash/flash.c.obj
 .time_critical.flash_enable_xip_via_boot2
                0x0000000020000244       0x10 CMakeFiles/pwm_midi.dir/Users/kaki/Documents/pico/pico-sdk/src/rp2_common/hardware_flash/flash.c.obj
 .time_critical.flash_cs_force
                0x0000000020000254       0x38 CMakeFiles/pwm_midi.dir/Users/kaki/Documents/pico/pico-sdk/src/rp2_common/hardware_flash/flash.c.obj
 .time_critical.flash_do_cmd
                0x000000002000028c       0xc4 CMakeFiles/pwm_midi.dir/Users/kaki/Documents/pico/pico-sdk/src/rp2_common/hardware_flash/flash.c.obj
                0x000000002000028c                flash_do_cmd
 .time_critical.reset_non_control_endpoints
                0x0000000020000350       0xbc CMakeFiles/pwm_midi.dir/Users/kaki/Documents/pico/pico-sdk/lib/tinyusb/src/portable/raspberrypi/rp2040/dcd_rp2040.c.obj
 .time_critical.hw_handle_buff_status
                0x000000002000040c       0xa8 CMakeFiles/pwm_midi.dir/Users/kaki/Documents/pico/pico-sdk/lib/tinyusb/src/portable/raspberrypi/rp2040/dcd_rp2040.c.obj
 .time_critical.dcd_rp2040_irq
                0x00000000200004b4      0x4e0 CMakeFiles/pwm_midi.dir/Users/kaki/Documents/pico/pico-sdk/lib/tinyusb/src/portable/raspberrypi/rp2040/dcd_rp2040.c.obj
 .time_critical.e15_is_bulkin_ep
                0x0000000020000994       0x28 CMakeFiles/pwm_midi.dir/Users/kaki/Documents/pico/pico-sdk/lib/tinyusb/src/portable/raspberrypi/rp2040/rp2040_usb.c.obj
 .time_critical.e15_is_critical_frame_period
                0x00000000200009bc       0x34 CMakeFiles/pwm_midi.dir/Users/kaki/Documents/pico/pico-sdk/lib/tinyusb/src/portable/raspberrypi/rp2040/rp2040_usb.c.obj
 .time_critical.prepare_ep_buffer
                0x00000000200009f0       0x70 CMakeFiles/pwm_midi.dir/Users/kaki/Documents/pico/pico-sdk/lib/tinyusb/src/portable/raspberrypi/rp2040/rp2040_usb.c.obj
 .time_critical.sync_ep_buffer
                0x0000000020000a60       0x4c CMakeFiles/pwm_midi.dir/Users/kaki/Documents/pico/pico-sdk/lib/tinyusb/src/portable/raspberrypi/rp2040/rp2040_usb.c.obj
 .time_critical._hw_endpoint_xfer_sync
                0x0000000020000aac       0x28 CMakeFiles/pwm_midi.dir/Users/kaki/Documents/pico/pico-sdk/lib/tinyusb/src/portable/raspberrypi/rp2040/rp2040_usb.c.obj
 .time_critical.hw_endpoint_reset_transfer
                0x0000000020000ad4        0xc CMakeFiles/pwm_midi.dir/Users/kaki/Documents/pico/pico-sdk/lib/tinyusb/src/portable/raspberrypi/rp2040/rp2040_usb.c.obj
                0x0000000020000ad4                hw_endpoint_reset_transfer
 .time_critical._hw_endpoint_buffer_control_update32
                0x0000000020000ae0       0x58 CMakeFiles/pwm_midi.dir/Users/kaki/Documents/pico/pico-sdk/lib/tinyusb/src/portable/raspberrypi/rp2040/rp2040_usb.c.obj
                0x0000000020000ae0                _hw_endpoint_buffer_control_update32
 .time_critical.hw_endpoint_start_next_buffer
                0x0000000020000b38       0x6c CMakeFiles/pwm_midi.dir/Users/kaki/Documents/pico/pico-sdk/lib/tinyusb/src/portable/raspberrypi/rp2040/rp2040_usb.c.obj
                0x0000000020000b38                hw_endpoint_start_next_buffer
 .time_critical.hw_endpoint_xfer_continue
                0x0000000020000ba4       0x50 CMakeFiles/pwm_midi.dir/Users/kaki/Documents/pico/pico-sdk/lib/tinyusb/src/portable/raspberrypi/rp2040/rp2040_usb.c.obj
                0x0000000020000ba4                hw_endpoint_xfer_continue
 .time_critical.tinyusb
                0x0000000020000bf4      0x1bc CMakeFiles/pwm_midi.dir/Users/kaki/Documents/pico/pico-sdk/lib/tinyusb/src/device/usbd.c.obj
                0x0000000020000bf4                dcd_event_handler
 *(.text*)
 .text          0x0000000020000db0        0x4 /Applications/ARM/bin/../lib/gcc/arm-none-eabi/10.3.1/thumb/v6-m/nofp/libgcc.a(_dvmd_tls.o)
                0x0000000020000db0                __aeabi_ldiv0
                0x0000000020000db0                __aeabi_idiv0
 *fill*         0x0000000020000db4        0x4 
 .text.__stub   0x0000000020000db8       0x80 linker stubs
                0x0000000020000e38                . = ALIGN (0x4)
 *(.rodata*)
                0x0000000020000e38                . = ALIGN (0x4)
 *(.data*)
 .data.miditopwm
                0x0000000020000e38      0x200 CMakeFiles/pwm_midi.dir/regtable.c.obj
                0x0000000020000e38                miditopwm
 .data.string_desc_arr
                0x0000000020001038       0x18 CMakeFiles/pwm_midi.dir/usb_descriptors.c.obj
                0x0000000020001038                string_desc_arr
 .data.striped_spin_lock_num
                0x0000000020001050        0x1 CMakeFiles/pwm_midi.dir/Users/kaki/Documents/pico/pico-sdk/src/rp2_common/hardware_sync/sync.c.obj
 *fill*         0x0000000020001051        0x3 
 .data          0x0000000020001054       0x48 CMakeFiles/pwm_midi.dir/Users/kaki/Documents/pico/pico-sdk/src/rp2_common/hardware_irq/irq_handler_chain.S.obj
                0x0000000020001054                irq_handler_chain_slots
                0x0000000020001084                irq_handler_chain_first_slot
                0x000000002000108e                irq_handler_chain_remove_tail
 .data.default_alarm_pool
                0x000000002000109c       0x18 CMakeFiles/pwm_midi.dir/Users/kaki/Documents/pico/pico-sdk/src/common/pico_time/time.c.obj
 .data.default_alarm_pool_heap
                0x00000000200010b4       0x10 CMakeFiles/pwm_midi.dir/Users/kaki/Documents/pico/pico-sdk/src/common/pico_time/time.c.obj
 *fill*         0x00000000200010c4        0xc 
 .data.aeabi_bits_funcs
                0x00000000200010d0       0x10 CMakeFiles/pwm_midi.dir/Users/kaki/Documents/pico/pico-sdk/src/rp2_common/pico_bit_ops/bit_ops_aeabi.S.obj
                0x00000000200010d0                aeabi_bits_funcs
                0x00000000200010e0                aeabi_bits_funcs_end
 .data.aeabi_mem_funcs
                0x00000000200010e0       0x10 CMakeFiles/pwm_midi.dir/Users/kaki/Documents/pico/pico-sdk/src/rp2_common/pico_mem_ops/mem_ops_aeabi.S.obj
                0x00000000200010e0                aeabi_mem_funcs
                0x00000000200010f0                aeabi_mem_funcs_end
 .data.stdio_uart
                0x00000000200010f0       0x18 CMakeFiles/pwm_midi.dir/Users/kaki/Documents/pico/pico-sdk/src/rp2_common/pico_stdio_uart/stdio_uart.c.obj
                0x00000000200010f0                stdio_uart
 .data.stdio_usb
                0x0000000020001108       0x18 CMakeFiles/pwm_midi.dir/Users/kaki/Documents/pico/pico-sdk/src/rp2_common/pico_stdio_usb/stdio_usb.c.obj
                0x0000000020001108                stdio_usb
 .data.ep_dir_string
                0x0000000020001120        0x8 CMakeFiles/pwm_midi.dir/Users/kaki/Documents/pico/pico-sdk/lib/tinyusb/src/portable/raspberrypi/rp2040/rp2040_usb.c.obj
                0x0000000020001120                ep_dir_string
 .data._usbd_qdef
                0x0000000020001128       0x1c CMakeFiles/pwm_midi.dir/Users/kaki/Documents/pico/pico-sdk/lib/tinyusb/src/device/usbd.c.obj
                0x0000000020001128                _usbd_qdef
 .data._usbd_rhport
                0x0000000020001144        0x1 CMakeFiles/pwm_midi.dir/Users/kaki/Documents/pico/pico-sdk/lib/tinyusb/src/device/usbd.c.obj
                0x0000000020001148                . = ALIGN (0x4)
 *fill*         0x0000000020001145        0x3 
 *(.after_data.*)
                0x0000000020001148                . = ALIGN (0x4)
                0x0000000020001148                PROVIDE (__mutex_array_start = .)
 *(SORT_BY_NAME(.mutex_array.*))
 *(.mutex_array)
 .mutex_array   0x0000000020001148        0x8 CMakeFiles/pwm_midi.dir/Users/kaki/Documents/pico/pico-sdk/src/rp2_common/pico_stdio/stdio.c.obj
                0x0000000020001150                PROVIDE (__mutex_array_end = .)
                0x0000000020001150                . = ALIGN (0x4)
                0x0000000020001150                PROVIDE (__preinit_array_start = .)
 *(SORT_BY_NAME(.preinit_array.*))
 .preinit_array.00001
                0x0000000020001150        0x4 CMakeFiles/pwm_midi.dir/Users/kaki/Documents/pico/pico-sdk/src/rp2_common/pico_mem_ops/mem_ops_aeabi.S.obj
 .preinit_array.00010
                0x0000000020001154        0x4 CMakeFiles/pwm_midi.dir/Users/kaki/Documents/pico/pico-sdk/src/rp2_common/pico_bit_ops/bit_ops_aeabi.S.obj
 .preinit_array.00020
                0x0000000020001158        0x4 CMakeFiles/pwm_midi.dir/Users/kaki/Documents/pico/pico-sdk/src/rp2_common/pico_double/double_aeabi.S.obj
 .preinit_array.00020
                0x000000002000115c        0x4 CMakeFiles/pwm_midi.dir/Users/kaki/Documents/pico/pico-sdk/src/rp2_common/pico_float/float_aeabi.S.obj
 *(.preinit_array)
                0x0000000020001160                PROVIDE (__preinit_array_end = .)
                0x0000000020001160                . = ALIGN (0x4)
                0x0000000020001160                PROVIDE (__init_array_start = .)
 *(SORT_BY_NAME(.init_array.*))
 *(.init_array)
 .init_array    0x0000000020001160        0x4 /Applications/ARM/bin/../lib/gcc/arm-none-eabi/10.3.1/thumb/v6-m/nofp/crtbegin.o
 .init_array    0x0000000020001164        0x4 CMakeFiles/pwm_midi.dir/Users/kaki/Documents/pico/pico-sdk/src/rp2_common/pico_unique_id/unique_id.c.obj
 .init_array    0x0000000020001168        0x4 CMakeFiles/pwm_midi.dir/Users/kaki/Documents/pico/pico-sdk/src/rp2_common/pico_bootsel_via_double_reset/pico_bootsel_via_double_reset.c.obj
                0x000000002000116c                PROVIDE (__init_array_end = .)
                0x000000002000116c                . = ALIGN (0x4)
                [!provide]                        PROVIDE (__fini_array_start = .)
 *(SORT_BY_NAME(.fini_array.*))
 *(.fini_array)
                [!provide]                        PROVIDE (__fini_array_end = .)
 *(.jcr)
                0x000000002000116c                . = ALIGN (0x4)
                0x000000002000116c                __data_end__ = .
                0x0000000010007504                __etext = LOADADDR (.data)

.igot.plt       0x000000002000116c        0x0 load address 0x00000000100085b0
 .igot.plt      0x000000002000116c        0x0 /Applications/ARM/bin/../lib/gcc/arm-none-eabi/10.3.1/thumb/v6-m/nofp/crtbegin.o

.uninitialized_data
                0x000000002000116c        0xc load address 0x00000000100085b0
                0x000000002000116c                . = ALIGN (0x4)
 *(.uninitialized_data*)
 .uninitialized_data.magic_location
                0x000000002000116c        0xc CMakeFiles/pwm_midi.dir/Users/kaki/Documents/pico/pico-sdk/src/rp2_common/pico_bootsel_via_double_reset/pico_bootsel_via_double_reset.c.obj

.scratch_x      0x0000000020040000        0x0 load address 0x00000000100085b0
                0x0000000020040000                __scratch_x_start__ = .
 *(.scratch_x.*)
                0x0000000020040000                . = ALIGN (0x4)
                0x0000000020040000                __scratch_x_end__ = .
                0x00000000100085b0                __scratch_x_source__ = LOADADDR (.scratch_x)

.scratch_y      0x0000000020041000        0x0 load address 0x00000000100085b0
                0x0000000020041000                __scratch_y_start__ = .
 *(.scratch_y.*)
                0x0000000020041000                . = ALIGN (0x4)
                0x0000000020041000                __scratch_y_end__ = .
                0x00000000100085b0                __scratch_y_source__ = LOADADDR (.scratch_y)

.bss            0x0000000020001178      0xd68
                0x0000000020001178                . = ALIGN (0x4)
                0x0000000020001178                __bss_start__ = .
 *(SORT_BY_ALIGNMENT(SORT_BY_NAME(.bss*)))
 .bss.default_alarm_pool_entries
                0x0000000020001178      0x100 CMakeFiles/pwm_midi.dir/Users/kaki/Documents/pico/pico-sdk/src/common/pico_time/time.c.obj
 .bss.last_avail_time.1
                0x0000000020001278        0x8 CMakeFiles/pwm_midi.dir/Users/kaki/Documents/pico/pico-sdk/src/rp2_common/pico_stdio_usb/stdio_usb.c.obj
 .bss.sd_table  0x0000000020001280      0x100 CMakeFiles/pwm_midi.dir/Users/kaki/Documents/pico/pico-sdk/src/rp2_common/pico_double/double_init_rom.c.obj
                0x0000000020001280                sd_table
 .bss.sf_table  0x0000000020001380      0x100 CMakeFiles/pwm_midi.dir/Users/kaki/Documents/pico/pico-sdk/src/rp2_common/pico_float/float_init_rom.c.obj
                0x0000000020001380                sf_table
 .bss           0x0000000020001480       0x1c /Applications/ARM/bin/../lib/gcc/arm-none-eabi/10.3.1/thumb/v6-m/nofp/crtbegin.o
 .bss._app_driver
                0x000000002000149c        0x4 CMakeFiles/pwm_midi.dir/Users/kaki/Documents/pico/pico-sdk/lib/tinyusb/src/device/usbd.c.obj
 .bss._cdcd_itf
                0x00000000200014a0      0x148 CMakeFiles/pwm_midi.dir/Users/kaki/Documents/pico/pico-sdk/lib/tinyusb/src/class/cdc/cdc_device.c.obj
 .bss._ctrl_xfer
                0x00000000200015e8       0x14 CMakeFiles/pwm_midi.dir/Users/kaki/Documents/pico/pico-sdk/lib/tinyusb/src/device/usbd_control.c.obj
 .bss._desc_str
                0x00000000200015fc       0x40 CMakeFiles/pwm_midi.dir/usb_descriptors.c.obj
 .bss._midid_itf
                0x000000002000163c      0x148 CMakeFiles/pwm_midi.dir/Users/kaki/Documents/pico/pico-sdk/lib/tinyusb/src/class/midi/midi_device.c.obj
                0x000000002000163c                _midid_itf
 .bss._ubsd_mutexdef
                0x0000000020001784        0x8 CMakeFiles/pwm_midi.dir/Users/kaki/Documents/pico/pico-sdk/lib/tinyusb/src/device/usbd.c.obj
 .bss._usbd_ctrl_buf
                0x000000002000178c       0x40 CMakeFiles/pwm_midi.dir/Users/kaki/Documents/pico/pico-sdk/lib/tinyusb/src/device/usbd_control.c.obj
 .bss._usbd_dev
                0x00000000200017cc       0x53 CMakeFiles/pwm_midi.dir/Users/kaki/Documents/pico/pico-sdk/lib/tinyusb/src/device/usbd.c.obj
 *fill*         0x000000002000181f        0x1 
 .bss._usbd_mutex
                0x0000000020001820        0x4 CMakeFiles/pwm_midi.dir/Users/kaki/Documents/pico/pico-sdk/lib/tinyusb/src/device/usbd.c.obj
 .bss._usbd_q   0x0000000020001824        0x4 CMakeFiles/pwm_midi.dir/Users/kaki/Documents/pico/pico-sdk/lib/tinyusb/src/device/usbd.c.obj
 .bss._usbd_qdef_buf
                0x0000000020001828       0xc0 CMakeFiles/pwm_midi.dir/Users/kaki/Documents/pico/pico-sdk/lib/tinyusb/src/device/usbd.c.obj
                0x0000000020001828                _usbd_qdef_buf
 .bss.alarm_callbacks
                0x00000000200018e8       0x10 CMakeFiles/pwm_midi.dir/Users/kaki/Documents/pico/pico-sdk/src/rp2_common/hardware_timer/timer.c.obj
 .bss.boot2_copyout
                0x00000000200018f8      0x100 CMakeFiles/pwm_midi.dir/Users/kaki/Documents/pico/pico-sdk/src/rp2_common/hardware_flash/flash.c.obj
 .bss.chars_available_callback
                0x00000000200019f8        0x4 CMakeFiles/pwm_midi.dir/Users/kaki/Documents/pico/pico-sdk/src/rp2_common/pico_stdio_uart/stdio_uart.c.obj
 .bss.chars_available_callback
                0x00000000200019fc        0x4 CMakeFiles/pwm_midi.dir/Users/kaki/Documents/pico/pico-sdk/src/rp2_common/pico_stdio_usb/stdio_usb.c.obj
 .bss.chars_available_param
                0x0000000020001a00        0x4 CMakeFiles/pwm_midi.dir/Users/kaki/Documents/pico/pico-sdk/src/rp2_common/pico_stdio_uart/stdio_uart.c.obj
 .bss.chars_available_param
                0x0000000020001a04        0x4 CMakeFiles/pwm_midi.dir/Users/kaki/Documents/pico/pico-sdk/src/rp2_common/pico_stdio_usb/stdio_usb.c.obj
 .bss.claimed   0x0000000020001a08        0x4 CMakeFiles/pwm_midi.dir/Users/kaki/Documents/pico/pico-sdk/src/rp2_common/hardware_sync/sync.c.obj
 .bss.configured_freq
                0x0000000020001a0c       0x28 CMakeFiles/pwm_midi.dir/Users/kaki/Documents/pico/pico-sdk/src/rp2_common/hardware_clocks/clocks.c.obj
 .bss.default_alarm_pool_entry_ids_high
                0x0000000020001a34       0x10 CMakeFiles/pwm_midi.dir/Users/kaki/Documents/pico/pico-sdk/src/common/pico_time/time.c.obj
 .bss.default_alarm_pool_heap_nodes
                0x0000000020001a44       0x30 CMakeFiles/pwm_midi.dir/Users/kaki/Documents/pico/pico-sdk/src/common/pico_time/time.c.obj
 .bss.drivers   0x0000000020001a74        0x4 CMakeFiles/pwm_midi.dir/Users/kaki/Documents/pico/pico-sdk/src/rp2_common/pico_stdio/stdio.c.obj
 .bss.e15_last_sof
                0x0000000020001a78        0x4 CMakeFiles/pwm_midi.dir/Users/kaki/Documents/pico/pico-sdk/lib/tinyusb/src/portable/raspberrypi/rp2040/rp2040_usb.c.obj
                0x0000000020001a78                e15_last_sof
 .bss.filter    0x0000000020001a7c        0x4 CMakeFiles/pwm_midi.dir/Users/kaki/Documents/pico/pico-sdk/src/rp2_common/pico_stdio/stdio.c.obj
 .bss.gpio_ctrl_prev
                0x0000000020001a80        0x4 CMakeFiles/pwm_midi.dir/Users/kaki/Documents/pico/pico-sdk/src/rp2_common/pico_fix/rp2040_usb_device_enumeration/rp2040_usb_device_enumeration.c.obj
 .bss.hw_endpoints
                0x0000000020001a84      0x400 CMakeFiles/pwm_midi.dir/Users/kaki/Documents/pico/pico-sdk/lib/tinyusb/src/portable/raspberrypi/rp2040/dcd_rp2040.c.obj
 .bss.lazy_vsnprintf
                0x0000000020001e84        0x4 CMakeFiles/pwm_midi.dir/Users/kaki/Documents/pico/pico-sdk/src/rp2_common/pico_printf/printf.c.obj
 .bss.next_buffer_ptr
                0x0000000020001e88        0x4 CMakeFiles/pwm_midi.dir/Users/kaki/Documents/pico/pico-sdk/lib/tinyusb/src/portable/raspberrypi/rp2040/dcd_rp2040.c.obj
 .bss.pad_ctrl_prev
                0x0000000020001e8c        0x4 CMakeFiles/pwm_midi.dir/Users/kaki/Documents/pico/pico-sdk/src/rp2_common/pico_fix/rp2040_usb_device_enumeration/rp2040_usb_device_enumeration.c.obj
 .bss.pools     0x0000000020001e90       0x10 CMakeFiles/pwm_midi.dir/Users/kaki/Documents/pico/pico-sdk/src/common/pico_time/time.c.obj
 .bss.retrieved_id
                0x0000000020001ea0        0x8 CMakeFiles/pwm_midi.dir/Users/kaki/Documents/pico/pico-sdk/src/rp2_common/pico_unique_id/unique_id.c.obj
 .bss.sf_clz_func
                0x0000000020001ea8        0x4 CMakeFiles/pwm_midi.dir/Users/kaki/Documents/pico/pico-sdk/src/rp2_common/pico_double/double_init_rom.c.obj
                0x0000000020001ea8                sf_clz_func
 .bss.sleep_notifier
                0x0000000020001eac        0x4 CMakeFiles/pwm_midi.dir/Users/kaki/Documents/pico/pico-sdk/src/common/pico_time/time.c.obj
 .bss.slice_num
                0x0000000020001eb0        0x4 CMakeFiles/pwm_midi.dir/pwm.c.obj
                0x0000000020001eb0                slice_num
 .bss.stdio_usb_mutex
                0x0000000020001eb4        0x8 CMakeFiles/pwm_midi.dir/Users/kaki/Documents/pico/pico-sdk/src/rp2_common/pico_stdio_usb/stdio_usb.c.obj
 .bss.target_hi
                0x0000000020001ebc       0x10 CMakeFiles/pwm_midi.dir/Users/kaki/Documents/pico/pico-sdk/src/rp2_common/hardware_timer/timer.c.obj
 .bss.uart_char_to_line_feed
                0x0000000020001ecc        0x4 CMakeFiles/pwm_midi.dir/Users/kaki/Documents/pico/pico-sdk/src/rp2_common/hardware_uart/uart.c.obj
                0x0000000020001ecc                uart_char_to_line_feed
 .bss.uart_inst
                0x0000000020001ed0        0x4 CMakeFiles/pwm_midi.dir/Users/kaki/Documents/pico/pico-sdk/lib/tinyusb/hw/bsp/rp2040/family.c.obj
 .bss.uart_instance
                0x0000000020001ed4        0x4 CMakeFiles/pwm_midi.dir/Users/kaki/Documents/pico/pico-sdk/src/rp2_common/pico_stdio_uart/stdio_uart.c.obj
 .bss._app_driver_count
                0x0000000020001ed8        0x1 CMakeFiles/pwm_midi.dir/Users/kaki/Documents/pico/pico-sdk/lib/tinyusb/src/device/usbd.c.obj
 .bss._sof_enable
                0x0000000020001ed9        0x1 CMakeFiles/pwm_midi.dir/Users/kaki/Documents/pico/pico-sdk/lib/tinyusb/src/portable/raspberrypi/rp2040/dcd_rp2040.c.obj
 .bss.boot2_copyout_valid
                0x0000000020001eda        0x1 CMakeFiles/pwm_midi.dir/Users/kaki/Documents/pico/pico-sdk/src/rp2_common/hardware_flash/flash.c.obj
 .bss.claimed   0x0000000020001edb        0x1 CMakeFiles/pwm_midi.dir/Users/kaki/Documents/pico/pico-sdk/src/rp2_common/hardware_timer/timer.c.obj
 .bss.irq_hander_chain_free_slot_head
                0x0000000020001edc        0x1 CMakeFiles/pwm_midi.dir/Users/kaki/Documents/pico/pico-sdk/src/rp2_common/hardware_irq/irq.c.obj
 .bss.timer_callbacks_pending
                0x0000000020001edd        0x1 CMakeFiles/pwm_midi.dir/Users/kaki/Documents/pico/pico-sdk/src/rp2_common/hardware_timer/timer.c.obj
 *(COMMON)
                0x0000000020001ee0                . = ALIGN (0x4)
 *fill*         0x0000000020001ede        0x2 
                0x0000000020001ee0                __bss_end__ = .

.heap           0x0000000020001ee0      0x800
                0x0000000020001ee0                __end__ = .
                0x0000000020001ee0                end = __end__
 *(.heap*)
 .heap          0x0000000020001ee0      0x800 CMakeFiles/pwm_midi.dir/Users/kaki/Documents/pico/pico-sdk/src/rp2_common/pico_standard_link/crt0.S.obj
                0x00000000200026e0                __HeapLimit = .

.stack1_dummy   0x0000000020040000        0x0
 *(.stack1*)

.stack_dummy    0x0000000020041000      0x800
 *(.stack*)
 .stack         0x0000000020041000      0x800 CMakeFiles/pwm_midi.dir/Users/kaki/Documents/pico/pico-sdk/src/rp2_common/pico_standard_link/crt0.S.obj

.flash_end      0x00000000100085b0        0x0
                0x00000000100085b0                PROVIDE (__flash_binary_end = .)
                0x0000000020040000                __StackLimit = (ORIGIN (RAM) + LENGTH (RAM))
                0x0000000020041000                __StackOneTop = (ORIGIN (SCRATCH_X) + LENGTH (SCRATCH_X))
                0x0000000020042000                __StackTop = (ORIGIN (SCRATCH_Y) + LENGTH (SCRATCH_Y))
                0x0000000020041000                __StackOneBottom = (__StackOneTop - SIZEOF (.stack1_dummy))
                0x0000000020041800                __StackBottom = (__StackTop - SIZEOF (.stack_dummy))
                0x0000000020042000                PROVIDE (__stack = __StackTop)
                0x0000000000000001                ASSERT ((__StackLimit >= __HeapLimit), region RAM overflowed)
                0x0000000000000001                ASSERT (((__binary_info_header_end - __logical_binary_start) <= 0x100), Binary info must be in first 256 bytes of the binary)
LOAD CMakeFiles/pwm_midi.dir/main.c.obj
LOAD CMakeFiles/pwm_midi.dir/pwm.c.obj
LOAD CMakeFiles/pwm_midi.dir/regtable.c.obj
LOAD CMakeFiles/pwm_midi.dir/usb_descriptors.c.obj
LOAD CMakeFiles/pwm_midi.dir/Users/kaki/Documents/pico/pico-sdk/src/rp2_common/pico_stdlib/stdlib.c.obj
LOAD CMakeFiles/pwm_midi.dir/Users/kaki/Documents/pico/pico-sdk/src/rp2_common/hardware_gpio/gpio.c.obj
LOAD CMakeFiles/pwm_midi.dir/Users/kaki/Documents/pico/pico-sdk/src/rp2_common/pico_platform/platform.c.obj
LOAD CMakeFiles/pwm_midi.dir/Users/kaki/Documents/pico/pico-sdk/src/rp2_common/hardware_claim/claim.c.obj
LOAD CMakeFiles/pwm_midi.dir/Users/kaki/Documents/pico/pico-sdk/src/rp2_common/hardware_sync/sync.c.obj
LOAD CMakeFiles/pwm_midi.dir/Users/kaki/Documents/pico/pico-sdk/src/rp2_common/hardware_irq/irq.c.obj
LOAD CMakeFiles/pwm_midi.dir/Users/kaki/Documents/pico/pico-sdk/src/rp2_common/hardware_irq/irq_handler_chain.S.obj
LOAD CMakeFiles/pwm_midi.dir/Users/kaki/Documents/pico/pico-sdk/src/common/pico_sync/sem.c.obj
LOAD CMakeFiles/pwm_midi.dir/Users/kaki/Documents/pico/pico-sdk/src/common/pico_sync/lock_core.c.obj
LOAD CMakeFiles/pwm_midi.dir/Users/kaki/Documents/pico/pico-sdk/src/common/pico_sync/mutex.c.obj
LOAD CMakeFiles/pwm_midi.dir/Users/kaki/Documents/pico/pico-sdk/src/common/pico_sync/critical_section.c.obj
LOAD CMakeFiles/pwm_midi.dir/Users/kaki/Documents/pico/pico-sdk/src/common/pico_time/time.c.obj
LOAD CMakeFiles/pwm_midi.dir/Users/kaki/Documents/pico/pico-sdk/src/common/pico_time/timeout_helper.c.obj
LOAD CMakeFiles/pwm_midi.dir/Users/kaki/Documents/pico/pico-sdk/src/rp2_common/hardware_timer/timer.c.obj
LOAD CMakeFiles/pwm_midi.dir/Users/kaki/Documents/pico/pico-sdk/src/common/pico_util/datetime.c.obj
LOAD CMakeFiles/pwm_midi.dir/Users/kaki/Documents/pico/pico-sdk/src/common/pico_util/pheap.c.obj
LOAD CMakeFiles/pwm_midi.dir/Users/kaki/Documents/pico/pico-sdk/src/common/pico_util/queue.c.obj
LOAD CMakeFiles/pwm_midi.dir/Users/kaki/Documents/pico/pico-sdk/src/rp2_common/hardware_uart/uart.c.obj
LOAD CMakeFiles/pwm_midi.dir/Users/kaki/Documents/pico/pico-sdk/src/rp2_common/hardware_clocks/clocks.c.obj
LOAD CMakeFiles/pwm_midi.dir/Users/kaki/Documents/pico/pico-sdk/src/rp2_common/hardware_pll/pll.c.obj
LOAD CMakeFiles/pwm_midi.dir/Users/kaki/Documents/pico/pico-sdk/src/rp2_common/hardware_vreg/vreg.c.obj
LOAD CMakeFiles/pwm_midi.dir/Users/kaki/Documents/pico/pico-sdk/src/rp2_common/hardware_watchdog/watchdog.c.obj
LOAD CMakeFiles/pwm_midi.dir/Users/kaki/Documents/pico/pico-sdk/src/rp2_common/hardware_xosc/xosc.c.obj
LOAD CMakeFiles/pwm_midi.dir/Users/kaki/Documents/pico/pico-sdk/src/rp2_common/hardware_divider/divider.S.obj
LOAD CMakeFiles/pwm_midi.dir/Users/kaki/Documents/pico/pico-sdk/src/rp2_common/pico_runtime/runtime.c.obj
LOAD CMakeFiles/pwm_midi.dir/Users/kaki/Documents/pico/pico-sdk/src/rp2_common/pico_printf/printf.c.obj
LOAD CMakeFiles/pwm_midi.dir/Users/kaki/Documents/pico/pico-sdk/src/rp2_common/pico_bit_ops/bit_ops_aeabi.S.obj
LOAD CMakeFiles/pwm_midi.dir/Users/kaki/Documents/pico/pico-sdk/src/rp2_common/pico_bootrom/bootrom.c.obj
LOAD CMakeFiles/pwm_midi.dir/Users/kaki/Documents/pico/pico-sdk/src/rp2_common/pico_divider/divider.S.obj
LOAD CMakeFiles/pwm_midi.dir/Users/kaki/Documents/pico/pico-sdk/src/rp2_common/pico_double/double_aeabi.S.obj
LOAD CMakeFiles/pwm_midi.dir/Users/kaki/Documents/pico/pico-sdk/src/rp2_common/pico_double/double_init_rom.c.obj
LOAD CMakeFiles/pwm_midi.dir/Users/kaki/Documents/pico/pico-sdk/src/rp2_common/pico_double/double_math.c.obj
LOAD CMakeFiles/pwm_midi.dir/Users/kaki/Documents/pico/pico-sdk/src/rp2_common/pico_double/double_v1_rom_shim.S.obj
LOAD CMakeFiles/pwm_midi.dir/Users/kaki/Documents/pico/pico-sdk/src/rp2_common/pico_int64_ops/pico_int64_ops_aeabi.S.obj
LOAD CMakeFiles/pwm_midi.dir/Users/kaki/Documents/pico/pico-sdk/src/rp2_common/pico_float/float_aeabi.S.obj
LOAD CMakeFiles/pwm_midi.dir/Users/kaki/Documents/pico/pico-sdk/src/rp2_common/pico_float/float_init_rom.c.obj
LOAD CMakeFiles/pwm_midi.dir/Users/kaki/Documents/pico/pico-sdk/src/rp2_common/pico_float/float_math.c.obj
LOAD CMakeFiles/pwm_midi.dir/Users/kaki/Documents/pico/pico-sdk/src/rp2_common/pico_float/float_v1_rom_shim.S.obj
LOAD CMakeFiles/pwm_midi.dir/Users/kaki/Documents/pico/pico-sdk/src/rp2_common/pico_malloc/pico_malloc.c.obj
LOAD CMakeFiles/pwm_midi.dir/Users/kaki/Documents/pico/pico-sdk/src/rp2_common/pico_mem_ops/mem_ops_aeabi.S.obj
LOAD CMakeFiles/pwm_midi.dir/Users/kaki/Documents/pico/pico-sdk/src/rp2_common/pico_standard_link/crt0.S.obj
LOAD CMakeFiles/pwm_midi.dir/Users/kaki/Documents/pico/pico-sdk/src/rp2_common/pico_standard_link/new_delete.cpp.obj
LOAD CMakeFiles/pwm_midi.dir/Users/kaki/Documents/pico/pico-sdk/src/rp2_common/pico_standard_link/binary_info.c.obj
LOAD CMakeFiles/pwm_midi.dir/Users/kaki/Documents/pico/pico-sdk/src/rp2_common/pico_stdio/stdio.c.obj
LOAD CMakeFiles/pwm_midi.dir/Users/kaki/Documents/pico/pico-sdk/src/rp2_common/pico_stdio_uart/stdio_uart.c.obj
LOAD CMakeFiles/pwm_midi.dir/Users/kaki/Documents/pico/pico-sdk/src/rp2_common/pico_stdio_usb/reset_interface.c.obj
LOAD CMakeFiles/pwm_midi.dir/Users/kaki/Documents/pico/pico-sdk/src/rp2_common/pico_stdio_usb/stdio_usb.c.obj
LOAD CMakeFiles/pwm_midi.dir/Users/kaki/Documents/pico/pico-sdk/src/rp2_common/pico_stdio_usb/stdio_usb_descriptors.c.obj
LOAD CMakeFiles/pwm_midi.dir/Users/kaki/Documents/pico/pico-sdk/src/rp2_common/pico_unique_id/unique_id.c.obj
LOAD CMakeFiles/pwm_midi.dir/Users/kaki/Documents/pico/pico-sdk/src/rp2_common/hardware_flash/flash.c.obj
LOAD CMakeFiles/pwm_midi.dir/Users/kaki/Documents/pico/pico-sdk/lib/tinyusb/src/portable/raspberrypi/rp2040/dcd_rp2040.c.obj
LOAD CMakeFiles/pwm_midi.dir/Users/kaki/Documents/pico/pico-sdk/lib/tinyusb/src/portable/raspberrypi/rp2040/rp2040_usb.c.obj
LOAD CMakeFiles/pwm_midi.dir/Users/kaki/Documents/pico/pico-sdk/lib/tinyusb/src/device/usbd.c.obj
LOAD CMakeFiles/pwm_midi.dir/Users/kaki/Documents/pico/pico-sdk/lib/tinyusb/src/device/usbd_control.c.obj
LOAD CMakeFiles/pwm_midi.dir/Users/kaki/Documents/pico/pico-sdk/lib/tinyusb/src/class/audio/audio_device.c.obj
LOAD CMakeFiles/pwm_midi.dir/Users/kaki/Documents/pico/pico-sdk/lib/tinyusb/src/class/cdc/cdc_device.c.obj
LOAD CMakeFiles/pwm_midi.dir/Users/kaki/Documents/pico/pico-sdk/lib/tinyusb/src/class/dfu/dfu_device.c.obj
LOAD CMakeFiles/pwm_midi.dir/Users/kaki/Documents/pico/pico-sdk/lib/tinyusb/src/class/dfu/dfu_rt_device.c.obj
LOAD CMakeFiles/pwm_midi.dir/Users/kaki/Documents/pico/pico-sdk/lib/tinyusb/src/class/hid/hid_device.c.obj
LOAD CMakeFiles/pwm_midi.dir/Users/kaki/Documents/pico/pico-sdk/lib/tinyusb/src/class/midi/midi_device.c.obj
LOAD CMakeFiles/pwm_midi.dir/Users/kaki/Documents/pico/pico-sdk/lib/tinyusb/src/class/msc/msc_device.c.obj
LOAD CMakeFiles/pwm_midi.dir/Users/kaki/Documents/pico/pico-sdk/lib/tinyusb/src/class/net/ecm_rndis_device.c.obj
LOAD CMakeFiles/pwm_midi.dir/Users/kaki/Documents/pico/pico-sdk/lib/tinyusb/src/class/net/ncm_device.c.obj
LOAD CMakeFiles/pwm_midi.dir/Users/kaki/Documents/pico/pico-sdk/lib/tinyusb/src/class/usbtmc/usbtmc_device.c.obj